M15 -- QFT approssimata, N=21, a=2, n_count=8
Controllo di correttezza: circuito a grado pieno contro SHA canonico...
  OK  9647853178cabcdf...

Layout fisso: [11, 12, 13, 10, 9, 17]... (20 qubit)

84 configurazioni, 8 batch (4 train / 4 holdout)

  k_qpe  k_arith  swap  ecr   depth   P_train   P_holdout
  ------------------------------------------------------------
      1        1    si 22418   73814         -           -
      1        2    si 31116  102268         -           -
      1        3    si 37266  126126         -           -
      1        4    si 42110  135946         -           -
      1        5    si 45318  145645         -           -
      1        6    si 46652  146814         -           -
      2        1    si 22333   73967         -           -
      2        2    si 31504  103587         -           -
      2        3    si 36739  123669         -           -
      2        4    si 41753  136381         -           -
      2        5    si 45366  146195         -           -
      2        6    si 46810  148435         -           -
      3        1    si 22400   72354         -           -
      3        2    si 31299  102186         -           -
      3        3    si 37432  125097         -           -
      3        4    si 42274  134106         -           -
      3        5    si 45464  145979         -           -
      3        6    si 46410  147978         -           -
      4        1    si 22371   73234         -           -
      4        2    si 31511  102898         -           -
      4        3    si 37134  125072         -           -
      4        4    si 41790  136125         -           -
      4        5    si 45199  144704         -           -
      4        6    si 46950  150054         -           -
      5        1    si 22530   73343         -           -
      5        2    si 31685  102611         -           -
      5        3    si 37181  123763         -           -
      5        4    si 42112  137370         -           -
      5        5    si 45619  145280         -           -
      5        6    si 46873  148569         -           -
      6        1    si 22452   74321         -           -
      6        2    si 31238  102557         -           -
      6        3    si 37370  125114         -           -
      6        4    si 41922  134368         -           -
      6        5    si 45540  145820         -           -
      6        6    si 47009  147761         -           -
      7        1    si 22631   73641         -           -
      7        2    si 31704  102254         -           -
      7        3    si 37427  124201         -           -
      7        4    si 41516  135743         -           -
      7        5    si 45637  145035         -           -
      7        6    si 46940  149242         -           -
      1        1    no 22418   73814         -           -
      1        2    no 31116  102268         -           -
      1        3    no 37266  126126         -           -
      1        4    no 42110  135946         -           -
      1        5    no 45318  145645         -           -
      1        6    no 46652  146814         -           -
      2        1    no 22333   73967         -           -
      2        2    no 31504  103587         -           -
      2        3    no 36739  123669         -           -
      2        4    no 41753  136381         -           -
      2        5    no 45366  146195         -           -
      2        6    no 46810  148435         -           -
      3        1    no 22400   72354         -           -
      3        2    no 31299  102186         -           -
      3        3    no 37432  125097         -           -
      3        4    no 42274  134106         -           -
      3        5    no 45464  145979         -           -
      3        6    no 46410  147978         -           -
      4        1    no 22371   73234         -           -
      4        2    no 31511  102898         -           -
      4        3    no 37134  125072         -           -
      4        4    no 41790  136125         -           -
      4        5    no 45199  144704         -           -
      4        6    no 46950  150054         -           -
      5        1    no 22530   73343         -           -
      5        2    no 31685  102611         -           -
      5        3    no 37181  123763         -           -
      5        4    no 42112  137370         -           -
      5        5    no 45619  145280         -           -
      5        6    no 46873  148569         -           -
      6        1    no 22452   74321         -           -
      6        2    no 31238  102557         -           -
      6        3    no 37370  125114         -           -
      6        4    no 41922  134368         -           -
      6        5    no 45540  145820         -           -
      6        6    no 47009  147761         -           -
      7        1    no 22631   73641         -           -
      7        2    no 31704  102254         -           -
      7        3    no 37427  124201         -           -
      7        4    no 41516  135743         -           -
      7        5    no 45637  145035         -           -
      7        6    no 46940  149242         -           -

Scritto artifacts/v1_20260830/results_M15_qft_N21_v1_20260830_152226.json
python exit=0
