M15b -- benchmark QPE, registri [6, 8, 10], fattore rumore 1.0
metrica: la misura restituisce round(phi*2^n) mod 2^n

--- n_count=6  (7 qubit, layout [88, 87, 86, 89]...)
  fase          rappr.  k   ecr  P_ideale  P_train  P_holdout
  1/3          False  1      33   0.3492   0.2310    0.2495
  1/3          False  2      46   0.5916   0.3682    0.3564
  1/3          False  3      61   0.6737   0.3579    0.3467
  1/3          False  4      78   0.6845   0.3398    0.3433
  1/3          False  5      71   0.6879   0.3652    0.3418
  1/6          False  1      33   0.3448   0.2217    0.2456
  1/6          False  2      46   0.6220   0.3809    0.3755
  1/6          False  3      61   0.6730   0.3579    0.3599
  1/6          False  4      78   0.6866   0.3472    0.3423
  1/6          False  5      71   0.6871   0.3628    0.3599
  21/2^6       True   1      32   0.6048   0.4038    0.4072
  21/2^6       True   2      45   0.8979   0.5518    0.5576
  21/2^6       True   3      60   0.9886   0.5117    0.5400
  21/2^6       True   4      77   0.9979   0.4810    0.4658
  21/2^6       True   5      70   1.0000   0.4985    0.5059

--- n_count=8  (9 qubit, layout [11, 12, 17, 30]...)
  fase          rappr.  k   ecr  P_ideale  P_train  P_holdout
  1/3          False  1      49   0.2455   0.1377    0.1382
  1/3          False  2      75   0.5430   0.2729    0.2637
  1/3          False  3     101   0.6600   0.2930    0.2930
  1/3          False  4     113   0.6809   0.2817    0.2749
  1/3          False  5     127   0.6870   0.2295    0.2290
  1/3          False  6     138   0.6878   0.2046    0.2080
  1/3          False  7     129   0.6879   0.2363    0.2500
  1/6          False  1      49   0.2453   0.1372    0.1465
  1/6          False  2      75   0.5716   0.2852    0.2969
  1/6          False  3     101   0.6592   0.2988    0.2861
  1/6          False  4     113   0.6820   0.2944    0.2769
  1/6          False  5     127   0.6854   0.2344    0.2490
  1/6          False  6     138   0.6861   0.2065    0.2114
  1/6          False  7     129   0.6861   0.2363    0.2598
  85/2^8       True   1      48   0.4324   0.2402    0.2559
  85/2^8       True   2      74   0.8252   0.4165    0.4092
  85/2^8       True   3     100   0.9705   0.4282    0.4014
  85/2^8       True   4     112   0.9937   0.3916    0.4048
  85/2^8       True   5     126   0.9993   0.3447    0.3467
  85/2^8       True   6     137   1.0000   0.3096    0.2993
  85/2^8       True   7     128   1.0000   0.3438    0.3545

--- n_count=10  (11 qubit, layout [123, 124, 125, 126]...)
  fase          rappr.  k   ecr  P_ideale  P_train  P_holdout
  1/3          False  1      50   0.1719   0.0913    0.1177
  1/3          False  2     108   0.5009   0.2139    0.2280
  1/3          False  3     189   0.6473   0.1836    0.1748
  1/3          False  4     200   0.6771   0.1631    0.1538
  1/3          False  5     179   0.6863   0.1924    0.1841
  1/3          False  6     184   0.6876   0.1880    0.1787
  1/3          False  7     183   0.6878   0.1738    0.1738
  1/3          False  8     197   0.6878   0.1313    0.1289
  1/3          False  9     186   0.6878   0.1733    0.1733
  1/6          False  1      50   0.1729   0.0981    0.1123
  1/6          False  2     108   0.5245   0.2319    0.2354
  1/6          False  3     189   0.6444   0.1782    0.1694
  1/6          False  4     200   0.6784   0.1689    0.1606
  1/6          False  5     179   0.6844   0.1899    0.1943
  1/6          False  6     184   0.6856   0.1704    0.1816
  1/6          False  7     183   0.6857   0.1904    0.1777
  1/6          False  8     197   0.6857   0.1343    0.1274
  1/6          False  9     186   0.6857   0.1772    0.1641
  341/2^10     True   1      49   0.3040   0.1841    0.1787
  341/2^10     True   2     107   0.7593   0.3330    0.3564
  341/2^10     True   3     188   0.9501   0.2661    0.2358
  341/2^10     True   4     199   0.9889   0.2368    0.2349
  341/2^10     True   5     178   0.9982   0.2793    0.2817
  341/2^10     True   6     183   0.9998   0.2651    0.2686
  341/2^10     True   7     182   1.0000   0.2495    0.2461
  341/2^10     True   8     196   1.0000   0.1816    0.1768
  341/2^10     True   9     185   1.0000   0.2437    0.2310

=== contrasti primari (k scelto sul train, riportato su holdout) ===
  n   fase          rappr.  k    holdout   piena     diff      esito
  6   1/6           False  2    0.3755   0.3599  +0.0156   non_discriminante
  6   21/2^6        True   2    0.5576   0.5059  +0.0518   approssimazione_migliore
  6   1/3           False  2    0.3564   0.3418  +0.0146   non_discriminante
  8   1/6           False  3    0.2861   0.2598  +0.0264   non_discriminante
  8   85/2^8        True   3    0.4014   0.3545  +0.0469   approssimazione_migliore
  8   1/3           False  3    0.2930   0.2500  +0.0430   approssimazione_migliore
  10  1/6           False  2    0.2354   0.1641  +0.0713   approssimazione_migliore
  10  341/2^10      True   2    0.3564   0.2310  +0.1255   approssimazione_migliore
  10  1/3           False  2    0.2280   0.1733  +0.0547   approssimazione_migliore

Scritto artifacts/benchmark/results_M15b_qpe_v1_20260831_163523.json
