Backend snapshot: fake_sherbrooke (127 qubit)
Noise model: m11-target-agi-depolarizing-only-v2; nessuna aggiunta separata T1/T2
Sottografi random-growth: 60 da 12 qubit

  #   qubit fisici (primi 6)   score_calib   P_holdout   ECR
  --------------------------------------------------------------------
  0   [81, 72, 62, 80, 63, 64] 0.986182      0.4321      353
  1   [4, 3, 2, 1, 0, 15]      0.976482      0.3835      356
  2   [75, 90, 76, 77, 94, 78] 0.987363      0.4272      362
  3   fallita: ValueError: Average gate infidelity fuori dominio: 1.0
  4   fallita: ValueError: Average gate infidelity fuori dominio: 1.0
  5   [110, 100, 101, 102, 118, 103] 0.947805      0.4922      365
  6   [89, 74, 70, 69, 68, 67] 0.994632      0.5037      351
  7   [105, 104, 106, 111, 107, 93] 0.935660      0.4973      345
  8   fallita: ValueError: Average gate infidelity fuori dominio: 1.0
  9   [49, 50, 55, 51, 68, 67] 0.954494      0.3831      361
  10  [55, 49, 50, 48, 68, 67] 0.992099      0.4302      374
  11  [19, 20, 18, 33, 39, 14] 0.960432      0.4092      364
  12  fallita: ValueError: Average gate infidelity fuori dominio: 1.0
  13  [67, 68, 55, 69, 70, 74] 0.961980      0.3848      358
  14  fallita: ValueError: Average gate infidelity fuori dominio: 1.0
  15  [80, 79, 78, 77, 71, 81] 0.956276      0.4114      365
  16  fallita: ValueError: Average gate infidelity fuori dominio: 1.0
  17  [45, 46, 47, 54, 35, 28] 0.997005      0.4087      361
  18  fallita: ValueError: Average gate infidelity fuori dominio: 1.0
  19  [110, 100, 99, 118, 98, 91] 0.961263      0.4004      363
  20  [110, 118, 100, 101, 119, 99] 0.935155      0.4763      365
  21  fallita: ValueError: Average gate infidelity fuori dominio: 1.0
  22  fallita: ValueError: Average gate infidelity fuori dominio: 1.0
  23  fallita: ValueError: Average gate infidelity fuori dominio: 1.0
  24  fallita: ValueError: Average gate infidelity fuori dominio: 1.0
  25  fallita: ValueError: Average gate infidelity fuori dominio: 1.0
  26  [112, 108, 126, 125, 107, 124] 0.966063      0.4636      375
  27  [33, 20, 19, 39, 21, 38] 0.966890      0.3687      357
  28  [62, 63, 61, 60, 72, 64] 0.981340      0.4475      372
  29  [20, 33, 21, 39, 40, 19] 0.968362      0.3940      374
  30  [74, 70, 89, 69, 68, 67] 0.970351      0.3425      363
  31  [45, 54, 46, 64, 47, 44] 0.986366      0.3906      359
  32  [118, 117, 116, 119, 120, 110] 0.992972      0.4697      375
  33  [28, 27, 29, 30, 31, 26] 0.973570      0.3254      363
  34  [35, 28, 29, 30, 47, 48] 0.988711      0.4534      361
  35  [123, 124, 122, 111, 125, 121] 0.914588      0.4509      372
  36  [14, 18, 0, 19, 1, 20]   0.967387      0.5044      361
  37  fallita: ValueError: Average gate infidelity fuori dominio: 1.0
  38  fallita: ValueError: Average gate infidelity fuori dominio: 1.0
  39  [51, 36, 50, 49, 32, 48] 0.942118      0.4944      364
  40  fallita: ValueError: Average gate infidelity fuori dominio: 1.0
  41  fallita: ValueError: Average gate infidelity fuori dominio: 1.0
  42  [73, 66, 85, 86, 87, 88] 0.990468      0.4709      369
  43  [110, 100, 101, 99, 98, 118] 0.945028      0.4504      361
  44  [102, 101, 103, 104, 105, 111] 0.961335      0.4944      348
  45  fallita: ValueError: Average gate infidelity fuori dominio: 1.0
  46  [30, 29, 28, 31, 17, 27] 0.981274      0.2966      365
  47  fallita: ValueError: Average gate infidelity fuori dominio: 1.0
  48  [121, 120, 122, 119, 111, 118] 0.957773      0.5164      350
  49  [34, 43, 42, 24, 44, 41] 0.992382      0.3884      364
  50  [68, 55, 67, 69, 70, 74] 0.951793      0.3953      357
  51  fallita: ValueError: Average gate infidelity fuori dominio: 1.0
  52  [106, 93, 105, 87, 86, 104] 0.989833      0.4973      359
  53  [25, 24, 34, 23, 22, 21] 0.988941      0.4050      373
  54  [32, 36, 31, 30, 17, 29] 0.962477      0.4883      382
  55  [120, 119, 118, 121, 122, 111] 0.947045      0.4353      354
  56  [44, 45, 54, 46, 43, 47] 0.984061      0.4087      344
  57  fallita: ValueError: Average gate infidelity fuori dominio: 1.0
  58  [105, 106, 104, 103, 93, 107] 0.951680      0.5005      358
  59  [48, 49, 47, 55, 50, 46] 0.950667      0.4265      354

==========================================================================
ESITO M11 — valutazione holdout
==========================================================================
  layout validi                         : 40
  Spearman score vs P_holdout           : -0.18398461504146882
  CI bootstrap                          : [-0.45608308367953915, 0.12408969503322198]
  P_holdout layout scelto dalla fedelta': 0.4509
  P_holdout layout scelto sul train     : 0.5164
  differenza holdout                     : +0.0654
  Nota: il campionamento random-growth non e' uniforme; risultato esplorativo.

Risultati salvati in: artifacts/v2_20260819/results_M11_pilota_v2_20260826_222137.json
