Backend: fake_sherbrooke (127 qubit), calibrazione reale
Layout campionati: 60 (sottografi connessi da 12 qubit)

  #   qubit fisici (primi 6)   punteggio_fed   P_success   CX
  ------------------------------------------------------------------
  0   [81, 72, 62, 80, 63, 64] 0.975415      0.4442     349
  1   [4, 3, 2, 1, 0, 15]      0.972654      0.5646     355
  2   [75, 90, 76, 77, 94, 78] 0.987270      0.5035     360
  3   [11, 12, 10, 13, 17, 30] 1.000000      0.5940     358
  4   [10, 11, 12, 17, 9, 30]  1.000000      0.2427     359
  5   [110, 100, 101, 102, 118, 103] 0.943583      0.5878     359
  6   [89, 74, 70, 69, 68, 67] 0.994287      0.5814     351
  7   [105, 104, 106, 111, 107, 93] 0.932994      0.5986     346
  8   [58, 57, 59, 56, 52, 71] 1.000000      0.2428     356
  9   [49, 50, 55, 51, 68, 67] 0.951633      0.4854     352
  10  [55, 49, 50, 48, 68, 67] 0.977445      0.4739     349
  11  [19, 20, 18, 33, 39, 14] 0.950889      0.4952     343
  12  [30, 17, 12, 11, 10, 31] 1.000000      0.5688     354
  13  [67, 68, 55, 69, 70, 74] 0.960268      0.4785     356
  14  [57, 56, 52, 37, 38, 58] 1.000000      0.2511     337
  15  [80, 79, 78, 77, 71, 81] 0.951838      0.5118     362
  16  [27, 26, 28, 35, 25, 47] 1.000000      0.5226     352
  17  [45, 46, 47, 54, 35, 28] 0.996487      0.5563     356
  18  [24, 34, 25, 23, 26, 22] 1.000000      0.2478     351
  19  [110, 100, 99, 118, 98, 91] 0.955737      0.5433     360
  20  [110, 118, 100, 101, 119, 99] 0.932688      0.5819     366
  21  [84, 85, 73, 66, 83, 67] 1.000000      0.2424     337
  22  [7, 6, 8, 16, 26, 9]     1.000000      0.4709     343
  23  [86, 85, 84, 73, 87, 83] 1.000000      0.2977     366
  24  [84, 85, 83, 82, 86, 81] 1.000000      0.2781     349
  25  [58, 59, 57, 56, 60, 52] 1.000000      0.5942     367
  26  [112, 108, 126, 125, 107, 124] 0.957380      0.6307     355
  27  [33, 20, 19, 39, 21, 38] 0.981308      0.5862     351
  28  [62, 63, 61, 60, 72, 64] 0.954342      0.5208     357
  29  [20, 33, 21, 39, 40, 19] 0.973300      0.5895     357
  30  [74, 70, 89, 69, 68, 67] 0.965168      0.5109     351
  31  [45, 54, 46, 64, 47, 44] 0.967474      0.5535     354
  32  [118, 117, 116, 119, 120, 110] 0.971285      0.4938     358
  33  [28, 27, 29, 30, 31, 26] 0.964928      0.5071     354
  34  [35, 28, 29, 30, 47, 48] 0.986127      0.5414     360
  35  [123, 124, 122, 111, 125, 121] 0.929431      0.6113     349
  36  [14, 18, 0, 19, 1, 20]   0.965434      0.5638     355
  37  [8, 16, 9, 26, 25, 7]    1.000000      0.2456     360
  38  [89, 88, 74, 70, 87, 93] 1.000000      0.1957     366
  39  [51, 36, 50, 49, 32, 48] 0.935787      0.5673     358
  40  [86, 85, 87, 93, 84, 73] 1.000000      0.6055     354
  41  [103, 102, 92, 83, 82, 84] 1.000000      0.2502     359
  42  [73, 66, 85, 86, 87, 88] 0.990635      0.5593     364
  43  [110, 100, 101, 99, 98, 118] 0.937193      0.5911     352
  44  [102, 101, 103, 104, 105, 111] 0.934948      0.5490     356
  45  [57, 58, 56, 71, 59, 77] 1.000000      0.3131     362
  46  [30, 29, 28, 31, 17, 27] 0.975296      0.4651     353
  47  [8, 9, 10, 11, 16, 12]   1.000000      0.2632     355
  48  [121, 120, 122, 119, 111, 118] 0.953737      0.5952     349
  49  [34, 43, 42, 24, 44, 41] 0.989562      0.5576     351
  50  [68, 55, 67, 69, 70, 74] 0.944578      0.5773     354
  51  [6, 7, 8, 9, 5, 10]      1.000000      0.4568     349
  52  [106, 93, 105, 87, 86, 104] 0.965622      0.5596     352
  53  [25, 24, 34, 23, 22, 21] 0.982577      0.5496     354
  54  [32, 36, 31, 30, 17, 29] 0.941835      0.5958     358
  55  [120, 119, 118, 121, 122, 111] 0.963916      0.6035     351
  56  [44, 45, 54, 46, 43, 47] 0.982639      0.5481     349
  57  [81, 80, 82, 72, 79, 78] 1.000000      0.5874     360
  58  [105, 106, 104, 103, 93, 107] 0.952629      0.5530     347
  59  [48, 49, 47, 55, 50, 46] 0.988064      0.5823     365

======================================================================
ESITO M11
======================================================================
  layout valutati                 : 60
  P_success  min / mediana / max  : 0.1957 / 0.5485 / 0.6307
  forbice (max-min)               : 0.4351
  correlazione di Pearson         : -0.541   (attesa negativa e forte)
  correlazione di Spearman        : -0.460
  P_success del layout migliore per FEDELTA' : 0.6113
  P_success del layout migliore in ASSOLUTO  : 0.6307
  --> PERDITA usando la metrica di fedelta'  : 0.0194 (1.94 p.p.)

  FLAG: ROSSO — i due ottimi sostanzialmente coincidono: la fedelta' e' un buon surrogato

Risultati salvati in: results_M11_pilota_20260806_221829.json
