==============================================================================
E11 — IL PAVIMENTO DI E10 E' DELL'INFORMAZIONE O DELLA RETE?
    metodi piu' potenti dello stesso MLP: se scendono, il pavimento e' del modello
==============================================================================
  d=3 p_ct=0       pavimento=0.00398
        rete grande sola=0.00421 (-5.5%)  residuo grande=0.00370 (+7.2%)
        tabella empirica=0.00392 (+1.8%)  copertura 98.9%, 8682 sindromi distinte   [170.4s]
  d=3 p_ct=0.005   pavimento=0.02688
        rete grande sola=0.02687 (+0.0%)  residuo grande=0.02617 (+2.7%)
        tabella empirica=0.02765 (-2.9%)  copertura 98.1%, 14869 sindromi distinte   [198.4s]
  d=3 p_ct=0.01    pavimento=0.04935
        rete grande sola=0.04920 (+0.3%)  residuo grande=0.04850 (+1.7%)
        tabella empirica=0.05032 (-2.0%)  copertura 97.4%, 21022 sindromi distinte   [219.7s]
  d=3 p_ct=0.02    pavimento=0.09251
        rete grande sola=0.09222 (+0.3%)  residuo grande=0.09169 (+0.9%)
        tabella empirica=0.09499 (-2.7%)  copertura 95.6%, 33744 sindromi distinte   [253.5s]
  d=3 p_ct=0.04    pavimento=0.17602
        rete grande sola=0.17463 (+0.8%)  residuo grande=0.17377 (+1.3%)
        tabella empirica=0.18324 (-4.1%)  copertura 91.3%, 63180 sindromi distinte   [251.1s]

Tempo totale: 18.2 min
