========================================================================================
M16 — Gross code [[144,12,12]] e surface code in code-capacity (errori X)
    q = [0.005, 0.01, 0.02, 0.03, 0.04, 0.05, 0.06, 0.08, 0.1]   shots max 200000   stop a 1000 fallimenti   workers 20
    Gross: n=144 k=12 rank Hx=66 rank Hz=66 pesi righe [6]
========================================================================================
  gross_bposd          q=0.005  p_L=2.000e-04 (40/200000)  0.87s
  gross_bposd          q=0.01   p_L=4.500e-05 (9/200000)  0.6s
  gross_bposd          q=0.02   p_L=5.900e-04 (118/200000)  0.83s
  gross_bposd          q=0.03   p_L=3.850e-03 (770/200000)  1.49s
  gross_bposd          q=0.04   p_L=2.259e-01 (9035/40000)  0.84s
  gross_bposd          q=0.05   p_L=5.971e-01 (23886/40000)  4.69s
  gross_bposd          q=0.06   p_L=5.640e-01 (22559/40000)  1.91s
  gross_bposd          q=0.08   p_L=9.304e-01 (37218/40000)  2.74s
  gross_bposd          q=0.1    p_L=6.492e-01 (25970/40000)  2.1s

Confronto a 12 qubit logici: P(almeno un logico errato)
  q         Gross (144/288)
  0.005           2.000e-04
  0.01            4.500e-05
  0.02            5.900e-04
  0.03            3.850e-03
  0.04            2.259e-01
  0.05            5.971e-01
  0.06            5.640e-01
  0.08            9.304e-01
  0.1             6.492e-01

Tempo totale: 16s
Risultati salvati in: artifacts/v2_20260926/results_M16_gross_code_capacity_sens_minsum_20260926_033817.json
