========================================================================================
M16 — Gross code [[144,12,12]] e surface code in code-capacity (errori X)
    q = [0.005, 0.01, 0.02, 0.03, 0.04, 0.05, 0.06, 0.08, 0.1]   shots max 200000   stop a 1000 fallimenti   workers 20
    Gross: n=144 k=12 rank Hx=66 rank Hz=66 pesi righe [6]
========================================================================================
  surface_d3_bposd     q=0.005  p_L=4.350e-04 (87/200000)  0.15s
  surface_d3_bposd     q=0.01   p_L=1.645e-03 (329/200000)  0.07s
  surface_d3_bposd     q=0.02   p_L=6.763e-03 (1082/160000)  0.06s
  surface_d3_bposd     q=0.03   p_L=1.461e-02 (1169/80000)  0.03s
  surface_d3_bposd     q=0.04   p_L=2.573e-02 (1029/40000)  0.02s
  surface_d3_bposd     q=0.05   p_L=3.957e-02 (1583/40000)  0.02s
  surface_d3_bposd     q=0.06   p_L=5.192e-02 (2077/40000)  0.02s
  surface_d3_bposd     q=0.08   p_L=8.328e-02 (3331/40000)  0.02s
  surface_d3_bposd     q=0.1    p_L=1.188e-01 (4753/40000)  0.03s
  surface_d5_bposd     q=0.005  p_L=4.000e-05 (8/200000)  0.12s
  surface_d5_bposd     q=0.01   p_L=2.900e-04 (58/200000)  0.14s
  surface_d5_bposd     q=0.02   p_L=1.890e-03 (378/200000)  0.19s
  surface_d5_bposd     q=0.03   p_L=6.262e-03 (1002/160000)  0.18s
  surface_d5_bposd     q=0.04   p_L=1.435e-02 (1148/80000)  0.11s
  surface_d5_bposd     q=0.05   p_L=2.506e-02 (2005/80000)  0.13s
  surface_d5_bposd     q=0.06   p_L=3.982e-02 (1593/40000)  0.07s
  surface_d5_bposd     q=0.08   p_L=7.745e-02 (3098/40000)  0.08s
  surface_d5_bposd     q=0.1    p_L=1.207e-01 (4830/40000)  0.1s
  surface_d7_bposd     q=0.005  p_L=0.000e+00 (0/200000)  0.17s
  surface_d7_bposd     q=0.01   p_L=4.500e-05 (9/200000)  0.24s
  surface_d7_bposd     q=0.02   p_L=5.700e-04 (114/200000)  0.36s
  surface_d7_bposd     q=0.03   p_L=2.585e-03 (517/200000)  0.52s
  surface_d7_bposd     q=0.04   p_L=7.769e-03 (1243/160000)  0.5s
  surface_d7_bposd     q=0.05   p_L=1.656e-02 (1325/80000)  0.29s
  surface_d7_bposd     q=0.06   p_L=2.892e-02 (1157/40000)  0.16s
  surface_d7_bposd     q=0.08   p_L=7.093e-02 (2837/40000)  0.2s
  surface_d7_bposd     q=0.1    p_L=1.258e-01 (5031/40000)  0.23s
  surface_d9_bposd     q=0.005  p_L=0.000e+00 (0/200000)  0.35s
  surface_d9_bposd     q=0.01   p_L=1.000e-05 (2/200000)  0.48s
  surface_d9_bposd     q=0.02   p_L=1.800e-04 (36/200000)  0.8s
  surface_d9_bposd     q=0.03   p_L=1.155e-03 (231/200000)  1.1s
  surface_d9_bposd     q=0.04   p_L=4.285e-03 (857/200000)  1.33s
  surface_d9_bposd     q=0.05   p_L=1.093e-02 (1311/120000)  1.12s
  surface_d9_bposd     q=0.06   p_L=2.156e-02 (1725/80000)  0.75s
  surface_d9_bposd     q=0.08   p_L=6.348e-02 (2539/40000)  0.39s
  surface_d9_bposd     q=0.1    p_L=1.270e-01 (5078/40000)  0.42s
  surface_d11_bposd    q=0.005  p_L=0.000e+00 (0/200000)  0.65s
  surface_d11_bposd    q=0.01   p_L=0.000e+00 (0/200000)  0.96s
  surface_d11_bposd    q=0.02   p_L=7.500e-05 (15/200000)  1.53s
  surface_d11_bposd    q=0.03   p_L=4.350e-04 (87/200000)  2.17s
  surface_d11_bposd    q=0.04   p_L=2.230e-03 (446/200000)  2.47s
  surface_d11_bposd    q=0.05   p_L=6.881e-03 (1101/160000)  2.37s
  surface_d11_bposd    q=0.06   p_L=1.740e-02 (1392/80000)  4.16s
  surface_d11_bposd    q=0.08   p_L=5.788e-02 (2315/40000)  0.7s
  surface_d11_bposd    q=0.1    p_L=1.289e-01 (5157/40000)  0.68s
  surface_d13_bposd    q=0.005  p_L=0.000e+00 (0/200000)  1.12s
  surface_d13_bposd    q=0.01   p_L=0.000e+00 (0/200000)  1.73s
  surface_d13_bposd    q=0.02   p_L=1.500e-05 (3/200000)  2.8s
  surface_d13_bposd    q=0.03   p_L=1.900e-04 (38/200000)  3.85s
  surface_d13_bposd    q=0.04   p_L=1.175e-03 (235/200000)  4.79s
  surface_d13_bposd    q=0.05   p_L=4.545e-03 (909/200000)  4.86s
  surface_d13_bposd    q=0.06   p_L=1.256e-02 (1005/80000)  2.15s
  surface_d13_bposd    q=0.08   p_L=5.158e-02 (2063/40000)  1.06s
  surface_d13_bposd    q=0.1    p_L=1.335e-01 (5338/40000)  1.09s

Tempo totale: 50s
Risultati salvati in: artifacts/v2_20260926/results_M16_gross_code_capacity_surface_bposd_minsum_20260926_041838.json
