========================================================================================
M16 — Gross code [[144,12,12]] e surface code in code-capacity (errori X)
    q = [0.005, 0.01, 0.02, 0.03, 0.04, 0.05, 0.06, 0.08, 0.1]   shots max 100000000   stop a 100 fallimenti   workers 20
    Gross: n=144 k=12 rank Hx=66 rank Hz=66 pesi righe [6]
========================================================================================
  surface_d15_mwpm     q=0.005  p_L=0.000e+00 (0/100000000)  386.0s
  surface_d15_mwpm     q=0.01   p_L=1.000e-08 (1/100000000)  390.33s
  surface_d15_mwpm     q=0.02   p_L=3.586e-06 (104/29000000)  123.72s
  surface_d15_mwpm     q=0.03   p_L=9.450e-05 (189/2000000)  14.85s
  surface_d15_mwpm     q=0.04   p_L=6.930e-04 (693/1000000)  5.68s
  surface_d15_mwpm     q=0.05   p_L=2.975e-03 (2975/1000000)  5.72s
  surface_d15_mwpm     q=0.06   p_L=9.648e-03 (9648/1000000)  5.76s
  surface_d15_mwpm     q=0.08   p_L=4.717e-02 (47171/1000000)  6.12s
  surface_d15_mwpm     q=0.1    p_L=1.295e-01 (129467/1000000)  10.57s
  surface_d17_mwpm     q=0.005  p_L=0.000e+00 (0/100000000)  958.8s
  surface_d17_mwpm     q=0.01   p_L=1.000e-08 (1/100000000)  961.52s
  surface_d17_mwpm     q=0.02   p_L=1.064e-06 (100/94000000)  944.91s
  surface_d17_mwpm     q=0.03   p_L=3.533e-05 (106/3000000)  32.23s
  surface_d17_mwpm     q=0.04   p_L=3.410e-04 (341/1000000)  12.75s
  surface_d17_mwpm     q=0.05   p_L=1.981e-03 (1981/1000000)  9.99s
  surface_d17_mwpm     q=0.06   p_L=7.111e-03 (7111/1000000)  10.49s
  surface_d17_mwpm     q=0.08   p_L=4.287e-02 (42869/1000000)  10.37s
  surface_d17_mwpm     q=0.1    p_L=1.287e-01 (128673/1000000)  15.51s

Tempo totale: 3905s
Risultati salvati in: artifacts/v2_20260926/results_M16_gross_code_capacity_surface_d15_d17_20260926_153636.json
