### A — f(w) con pesi bassi esatti: Gross serial, surface d=11 e d=13

gross_144_12_12 (serial), n=144, distanza attesa 12
  w=0   f=0.000e+00  (fissata: enumerazione esaustiva results_M16_esaustivo_gross_144_12_12_serial_w5_20260926_133538.json)
  w=1   f=0.000e+00  (fissata: enumerazione esaustiva results_M16_esaustivo_gross_144_12_12_serial_w5_20260926_133538.json)
  w=2   f=0.000e+00  (fissata: enumerazione esaustiva results_M16_esaustivo_gross_144_12_12_serial_w5_20260926_133538.json)
  w=3   f=0.000e+00  (fissata: enumerazione esaustiva results_M16_esaustivo_gross_144_12_12_serial_w5_20260926_133538.json)
  w=4   f=0.000e+00  (fissata: enumerazione esaustiva results_M16_esaustivo_gross_144_12_12_serial_w5_20260926_133538.json)
  w=5   f=0.000e+00  (fissata: enumerazione esaustiva results_M16_esaustivo_gross_144_12_12_serial_w5_20260926_133538.json)
  w=6   f=7.200e-05 (1008/14000000)  residuo min 12
  w=7   f=5.633e-04 (1014/1800000)  residuo min 12
  w=8   f=2.693e-03 (1077/400000)  residuo min 12
  w=9   f=1.019e-02 (2038/200000)  residuo min 12
  w=10  f=3.007e-02 (6013/200000)  residuo min 12
  w=11  f=8.094e-02 (16187/200000)  residuo min 12
  w=12  f=1.913e-01 (38262/200000)  residuo min 12
  w=13  f=3.710e-01 (74209/200000)  residuo min 12
  w=14  f=5.952e-01 (119038/200000)  residuo min 12
  w=15  f=7.845e-01 (156905/200000)  residuo min 12
  w=16  f=9.006e-01 (180113/200000)  residuo min 12
  w=17  f=9.558e-01 (191160/200000)  residuo min 12
  w=18  f=9.800e-01 (196009/200000)  residuo min 12
  w=19  f=9.906e-01 (198128/200000)  residuo min 12
  w=20  f=9.953e-01 (199065/200000)  residuo min 12
  w=21  f=9.977e-01 (199531/200000)  residuo min 12
  w=22  f=9.986e-01 (199726/200000)  residuo min 12
  w=23  f=9.991e-01 (199825/200000)  residuo min 12
  ricostruita q=0.005: 1.386e-08 [1.30e-08, 1.47e-08]
  ricostruita q=0.01: 1.007e-06 [9.53e-07, 1.06e-06]
  ricostruita q=0.02: 8.424e-05 [8.11e-05, 8.76e-05]
  ricostruita q=0.03: 1.190e-03 [1.16e-03, 1.22e-03]
  ricostruita q=0.04: 7.497e-03 [7.38e-03, 7.62e-03]
  ricostruita q=0.05: 2.873e-02 [2.84e-02, 2.90e-02]
  ricostruita q=0.06: 7.790e-02 [7.73e-02, 7.85e-02]
  primo peso con fallimenti: 6;  residuo logico piu' leggero: 12 (limite superiore alla distanza)

surface_d11 (mwpm), n=121, distanza attesa 11
  w=0   f=0.000e+00  (fissata: garanzia MWPM: corregge ogni errore di peso <= (d-1)/2)
  w=1   f=0.000e+00  (fissata: garanzia MWPM: corregge ogni errore di peso <= (d-1)/2)
  w=2   f=0.000e+00  (fissata: garanzia MWPM: corregge ogni errore di peso <= (d-1)/2)
  w=3   f=0.000e+00  (fissata: garanzia MWPM: corregge ogni errore di peso <= (d-1)/2)
  w=4   f=0.000e+00  (fissata: garanzia MWPM: corregge ogni errore di peso <= (d-1)/2)
  w=5   f=0.000e+00  (fissata: garanzia MWPM: corregge ogni errore di peso <= (d-1)/2)
  w=6   f=2.953e-04 (1004/3400000)  residuo min 11
  w=7   f=1.723e-03 (1034/600000)  residuo min 11
  w=8   f=6.160e-03 (1232/200000)  residuo min 11
  w=9   f=1.558e-02 (3116/200000)  residuo min 11
  w=10  f=3.239e-02 (6478/200000)  residuo min 11
  w=11  f=5.892e-02 (11784/200000)  residuo min 11
  w=12  f=9.420e-02 (18839/200000)  residuo min 11
  w=13  f=1.415e-01 (28298/200000)  residuo min 11
  w=14  f=1.909e-01 (38180/200000)  residuo min 11
  w=15  f=2.439e-01 (48780/200000)  residuo min 11
  w=16  f=2.940e-01 (58791/200000)  residuo min 11
  w=17  f=3.367e-01 (67332/200000)  residuo min 11
  w=18  f=3.767e-01 (75340/200000)  residuo min 11
  w=19  f=4.105e-01 (82106/200000)  residuo min 11
  w=20  f=4.330e-01 (86593/200000)  residuo min 11
  w=21  f=4.516e-01 (90316/200000)  residuo min 11
  w=22  f=4.672e-01 (93432/200000)  residuo min 11
  w=23  f=4.774e-01 (95486/200000)  residuo min 11
  w=24  f=4.860e-01 (97203/200000)  residuo min 11
  w=25  f=4.920e-01 (98396/200000)  residuo min 11
  w=26  f=4.939e-01 (98771/200000)  residuo min 11
  w=27  f=4.967e-01 (99343/200000)  residuo min 11
  w=28  f=4.981e-01 (99622/200000)  residuo min 13
  w=29  f=4.991e-01 (99820/200000)  residuo min 13
  w=30  f=5.011e-01 (100230/200000)  residuo min 15
  ricostruita q=0.005: 1.621e-08 [1.53e-08, 1.72e-08]
  ricostruita q=0.01: 9.548e-07 [9.01e-07, 1.01e-06]
  ricostruita q=0.02: 5.167e-05 [4.92e-05, 5.43e-05]
  ricostruita q=0.03: 4.916e-04 [4.72e-04, 5.12e-04]
  ricostruita q=0.04: 2.272e-03 [2.20e-03, 2.35e-03]
  ricostruita q=0.05: 7.025e-03 [6.85e-03, 7.20e-03]
  ricostruita q=0.06: 1.676e-02 [1.64e-02, 1.71e-02]
  primo peso con fallimenti: 6;  residuo logico piu' leggero: 11 (limite superiore alla distanza)

surface_d13 (mwpm), n=169, distanza attesa 13
  w=0   f=0.000e+00  (fissata: garanzia MWPM: corregge ogni errore di peso <= (d-1)/2)
  w=1   f=0.000e+00  (fissata: garanzia MWPM: corregge ogni errore di peso <= (d-1)/2)
  w=2   f=0.000e+00  (fissata: garanzia MWPM: corregge ogni errore di peso <= (d-1)/2)
  w=3   f=0.000e+00  (fissata: garanzia MWPM: corregge ogni errore di peso <= (d-1)/2)
  w=4   f=0.000e+00  (fissata: garanzia MWPM: corregge ogni errore di peso <= (d-1)/2)
  w=5   f=0.000e+00  (fissata: garanzia MWPM: corregge ogni errore di peso <= (d-1)/2)
  w=6   f=0.000e+00  (fissata: garanzia MWPM: corregge ogni errore di peso <= (d-1)/2)
  w=7   f=2.170e-05 (434/20000000)  residuo min 13
  w=8   f=1.693e-04 (1016/6000000)  residuo min 13
  w=9   f=6.963e-04 (1114/1600000)  residuo min 13
  w=10  f=2.063e-03 (1238/600000)  residuo min 13
  w=11  f=4.995e-03 (1998/400000)  residuo min 13
  w=12  f=1.077e-02 (2154/200000)  residuo min 13
  w=13  f=1.933e-02 (3866/200000)  residuo min 13
  w=14  f=3.370e-02 (6740/200000)  residuo min 13
  w=15  f=5.248e-02 (10497/200000)  residuo min 13
  w=16  f=7.820e-02 (15641/200000)  residuo min 13
  w=17  f=1.081e-01 (21620/200000)  residuo min 13
  w=18  f=1.437e-01 (28736/200000)  residuo min 13
  w=19  f=1.789e-01 (35779/200000)  residuo min 13
  w=20  f=2.212e-01 (44247/200000)  residuo min 13
  w=21  f=2.601e-01 (52010/200000)  residuo min 13
  w=22  f=2.987e-01 (59745/200000)  residuo min 13
  w=23  f=3.320e-01 (66396/200000)  residuo min 13
  w=24  f=3.635e-01 (72697/200000)  residuo min 13
  w=25  f=3.892e-01 (77847/200000)  residuo min 13
  w=26  f=4.139e-01 (82774/200000)  residuo min 13
  w=27  f=4.324e-01 (86486/200000)  residuo min 13
  w=28  f=4.472e-01 (89450/200000)  residuo min 13
  w=29  f=4.606e-01 (92117/200000)  residuo min 13
  w=30  f=4.692e-01 (93831/200000)  residuo min 13
  ricostruita q=0.005: 1.126e-09 [1.04e-09, 1.21e-09]
  ricostruita q=0.01: 1.357e-07 [1.27e-07, 1.45e-07]
  ricostruita q=0.02: 1.478e-05 [1.40e-05, 1.56e-05]
  ricostruita q=0.03: 2.078e-04 [1.99e-04, 2.17e-04]
  ricostruita q=0.04: 1.247e-03 [1.20e-03, 1.29e-03]
  ricostruita q=0.05: 4.649e-03 [4.52e-03, 4.78e-03]
  ricostruita q=0.06: 1.274e-02 [1.25e-02, 1.30e-02]
  primo peso con fallimenti: 7;  residuo logico piu' leggero: 13 (limite superiore alla distanza)

Tempo totale: 540s
Salvato: artifacts/v2_20260926/results_M16_test2_fallimenti_basso_rumore_20260926_134543.json
### B — controllo diretto: Gross serial a q = 1%, 10^8 shot

gross_144_12_12: n=144 k=12 d pubblicata=12  rank Hx=66
  q=0.01   P_blocco=9.400e-07 (94/100000000)  surface peggiori [] / migliori []

Tempo totale: 373s
Salvato: artifacts/v2_20260926/results_M16_test4_famiglia_bb_gross_q001_1e8_20260926_135157.json
### C — controllo diretto: surface d=13 a q = 1%, fino a 10^9 shot
========================================================================================
M16 — Gross code [[144,12,12]] e surface code in code-capacity (errori X)
    q = [0.01]   shots max 1000000000   stop a 300 fallimenti   workers 20
    Gross: n=144 k=12 rank Hx=66 rank Hz=66 pesi righe [6]
========================================================================================
  surface_d13_mwpm     q=0.01   p_L=1.350e-07 (135/1000000000)  2371.19s

Tempo totale: 2371s
Risultati salvati in: artifacts/v2_20260926/results_M16_gross_code_capacity_d13_q001_20260926_143129.json
### D — confronto a basso rumore dalla decomposizione per peso
q                      Gross [basso, alto]                           12xd11                        12xd13
0.002       5.32e-11 [5.00e-11, 5.66e-11]       8.40e-10 [7.9e-10, 8.9e-10]    2.27e-11 [2.1e-11, 2.5e-11]   peggiori [11] / migliori [13]
0.003       6.18e-10 [5.82e-10, 6.58e-10]       9.40e-09 [8.8e-09, 1.0e-08]    3.85e-10 [3.6e-10, 4.2e-10]   peggiori [11] / migliori [13]
0.005       1.39e-08 [1.30e-08, 1.47e-08]       1.95e-07 [1.8e-07, 2.1e-07]    1.35e-08 [1.3e-08, 1.5e-08]   peggiori [11] / migliori []
0.0075      1.68e-07 [1.58e-07, 1.78e-07]       2.13e-06 [2.0e-06, 2.3e-06]    2.24e-07 [2.1e-07, 2.4e-07]   peggiori [11, 13] / migliori []
0.01        1.01e-06 [9.53e-07, 1.06e-06]       1.15e-05 [1.1e-05, 1.2e-05]    1.63e-06 [1.5e-06, 1.7e-06]   peggiori [11, 13] / migliori []
0.015       1.31e-05 [1.25e-05, 1.38e-05]       1.20e-04 [1.1e-04, 1.3e-04]    2.58e-05 [2.4e-05, 2.7e-05]   peggiori [11, 13] / migliori []
0.02        8.42e-05 [8.11e-05, 8.76e-05]       6.20e-04 [5.9e-04, 6.5e-04]    1.77e-04 [1.7e-04, 1.9e-04]   peggiori [11, 13] / migliori []

Salvato: artifacts/v2_20260926/analysis_M16_confronto_basso_rumore_20260926_143130.json
### E — surface d=15 e d=17, MWPM, griglia completa
========================================================================================
M16 — Gross code [[144,12,12]] e surface code in code-capacity (errori X)
    q = [0.005, 0.01, 0.02, 0.03, 0.04, 0.05, 0.06, 0.08, 0.1]   shots max 100000000   stop a 100 fallimenti   workers 20
    Gross: n=144 k=12 rank Hx=66 rank Hz=66 pesi righe [6]
========================================================================================
  surface_d15_mwpm     q=0.005  p_L=0.000e+00 (0/100000000)  386.0s
  surface_d15_mwpm     q=0.01   p_L=1.000e-08 (1/100000000)  390.33s
  surface_d15_mwpm     q=0.02   p_L=3.586e-06 (104/29000000)  123.72s
  surface_d15_mwpm     q=0.03   p_L=9.450e-05 (189/2000000)  14.85s
  surface_d15_mwpm     q=0.04   p_L=6.930e-04 (693/1000000)  5.68s
  surface_d15_mwpm     q=0.05   p_L=2.975e-03 (2975/1000000)  5.72s
  surface_d15_mwpm     q=0.06   p_L=9.648e-03 (9648/1000000)  5.76s
  surface_d15_mwpm     q=0.08   p_L=4.717e-02 (47171/1000000)  6.12s
  surface_d15_mwpm     q=0.1    p_L=1.295e-01 (129467/1000000)  10.57s
  surface_d17_mwpm     q=0.005  p_L=0.000e+00 (0/100000000)  958.8s
  surface_d17_mwpm     q=0.01   p_L=1.000e-08 (1/100000000)  961.52s
  surface_d17_mwpm     q=0.02   p_L=1.064e-06 (100/94000000)  944.91s
  surface_d17_mwpm     q=0.03   p_L=3.533e-05 (106/3000000)  32.23s
  surface_d17_mwpm     q=0.04   p_L=3.410e-04 (341/1000000)  12.75s
  surface_d17_mwpm     q=0.05   p_L=1.981e-03 (1981/1000000)  9.99s
  surface_d17_mwpm     q=0.06   p_L=7.111e-03 (7111/1000000)  10.49s
  surface_d17_mwpm     q=0.08   p_L=4.287e-02 (42869/1000000)  10.37s
  surface_d17_mwpm     q=0.1    p_L=1.287e-01 (128673/1000000)  15.51s

Tempo totale: 3905s
Risultati salvati in: artifacts/v2_20260926/results_M16_gross_code_capacity_surface_d15_d17_20260926_153636.json
### F — [[288,12,18]] a q = 2% e 3% con piu' statistica

bb_288_12_18: n=288 k=12 d pubblicata=18  rank Hx=138
  q=0.02   P_blocco=5.000e-08 (5/100000000)  surface peggiori [] / migliori []
  q=0.03   P_blocco=9.497e-06 (302/31800000)  surface peggiori [] / migliori []

Tempo totale: 1580s
Salvato: artifacts/v2_20260926/results_M16_test4_famiglia_bb_bb288_estensione_20260926_160258.json
### G — confronto consolidato di [[288,12,18]] con il surface fino a d=17
q             Gross        12xd=3      12xd=5      12xd=7      12xd=9     12xd=11     12xd=13     12xd=15     12xd=17   peggiori / migliori del Gross
0.005      0.00e+00      5.21e-03    5.40e-04    3.50e-05    3.40e-06    2.00e-07   <1.20e-07   <3.60e-07   <3.60e-07   [3, 5, 7, 9] / []
0.01       0.00e+00      1.97e-02    3.00e-03    5.01e-04    6.76e-05    1.22e-05    1.60e-06    1.20e-07    1.20e-07   [3, 5, 7, 9, 11, 13] / []
0.02       5.00e-08      7.39e-02    2.33e-02    7.28e-03    2.19e-03    6.05e-04    1.85e-04    4.30e-05    1.28e-05   [3, 5, 7, 9, 11, 13, 15, 17] / []
0.03       9.50e-06      1.58e-01    7.32e-02    3.11e-02    1.40e-02    5.69e-03    2.76e-03    1.13e-03    4.24e-04   [3, 5, 7, 9, 11, 13, 15, 17] / []
0.04       2.82e-04      2.64e-01    1.50e-01    8.51e-02    4.78e-02    2.82e-02    1.45e-02    8.28e-03    4.08e-03   [3, 5, 7, 9, 11, 13, 15, 17] / []
0.05       3.75e-03      3.73e-01    2.51e-01    1.78e-01    1.21e-01    7.99e-02    5.18e-02    3.51e-02    2.35e-02   [3, 5, 7, 9, 11, 13, 15, 17] / []
0.06       2.23e-02      4.82e-01    3.87e-01    2.83e-01    2.35e-01    1.80e-01    1.41e-01    1.10e-01    8.21e-02   [3, 5, 7, 9, 11, 13, 15, 17] / []
0.08       2.09e-01      6.53e-01    6.20e-01    5.77e-01    5.59e-01    5.22e-01    4.77e-01    4.40e-01    4.09e-01   [3, 5, 7, 9, 11, 13, 15, 17] / []

Salvato: artifacts/v2_20260926/analysis_M16_consolidata_bb288_d17_20260926_160258.json
CATENA TERMINATA
