========================================================================================
M16 — Gross code [[144,12,12]] e surface code in code-capacity (errori X)
    q = [0.005, 0.01, 0.02, 0.03, 0.04, 0.05, 0.06, 0.08, 0.1]   shots max 200000   stop a 1000 fallimenti   workers 20
    Gross: n=144 k=12 rank Hx=66 rank Hz=66 pesi righe [6]
========================================================================================
  gross_bposd          q=0.005  p_L=5.000e-06 (1/200000)  0.8s
  gross_bposd          q=0.01   p_L=5.000e-05 (10/200000)  0.64s
  gross_bposd          q=0.02   p_L=6.700e-04 (134/200000)  0.84s
  gross_bposd          q=0.03   p_L=2.660e-03 (532/200000)  1.56s
  gross_bposd          q=0.04   p_L=9.300e-03 (1116/120000)  2.45s
  gross_bposd          q=0.05   p_L=3.078e-02 (1231/40000)  1.38s
  gross_bposd          q=0.06   p_L=7.867e-02 (3147/40000)  2.13s
  gross_bposd          q=0.08   p_L=2.784e-01 (11136/40000)  7.65s
  gross_bposd          q=0.1    p_L=5.611e-01 (22443/40000)  6.58s

Confronto a 12 qubit logici: P(almeno un logico errato)
  q         Gross (144/288)
  0.005           5.000e-06
  0.01            5.000e-05
  0.02            6.700e-04
  0.03            2.660e-03
  0.04            9.300e-03
  0.05            3.078e-02
  0.06            7.867e-02
  0.08            2.784e-01
  0.1             5.611e-01

Tempo totale: 24s
Risultati salvati in: artifacts/v2_20260926/results_M16_gross_code_capacity_sens_minsum_iter1000_osd20_20260926_041748.json
