
q = 0.02   shots = 500000
  variante                          p_L  fall. BP conv.    OSD  non conv. iter med.
  parallel_ms0.400             9.80e-05     49        0     49      4.85%       6.9
  parallel_ms0.425             9.80e-05     49        0     49      3.08%       5.0
  parallel_ms0.450             8.60e-05     43        0     43      2.09%       4.0
  parallel_ms0.475             8.40e-05     42        0     42      1.57%       3.4
  parallel_ms0.500             9.40e-05     47        0     47      1.28%       3.0
  parallel_ms0.525             2.34e-04    117        1    116      0.96%       2.6
  parallel_ms0.550             3.90e-04    195        4    191      0.87%       2.5
  parallel_ms0.575             5.18e-04    259        3    256      0.82%       2.4
  parallel_ms0.600             7.44e-04    372        5    367      0.78%       2.3
  parallel_ms0.625             7.98e-04    399        8    391      0.77%       2.3
  parallel_ms0.650             8.54e-04    427       10    417      0.76%       2.3
  parallel_ms0.675             1.09e-03    543       12    531      0.72%       2.3
  parallel_ms0.700             1.05e-03    525       19    506      0.66%       2.2
  parallel_ms0.725             1.00e-03    502       18    484      0.57%       2.2
  parallel_ms0.750             6.94e-04    347       18    329      0.45%       2.2
  parallel_ms0.775             5.80e-04    290       26    264      0.33%       2.1
  parallel_ms0.800             5.10e-04    255       28    227      0.23%       2.1
  parallel_ms0.825             3.30e-04    165       28    137      0.18%       2.1
  parallel_ms0.850             2.38e-04    119       24     95      0.15%       2.0
  parallel_ms0.875             2.52e-04    126       24    102      0.12%       2.1
  parallel_ms0.900             2.64e-04    132       26    106      0.11%       2.1
  parallel_ms0.925             1.90e-04     95       23     72      0.10%       2.1
  parallel_ms0.950             1.76e-04     88       19     69      0.10%       2.2
  parallel_ms0.975             1.72e-04     86       18     68      0.10%       2.3
  parallel_ms1.000             6.26e-04    313        9    304      0.34%       7.0
  serial_ms0.400               9.80e-05     49        0     49      4.81%       6.5
  serial_ms0.500               9.60e-05     48        0     48      1.21%       2.7
  serial_ms0.600               8.60e-05     43        6     37      0.10%       1.5
  serial_ms0.700               7.80e-05     39       15     24      0.03%       1.4
  serial_ms0.800               9.20e-05     46       23     23      0.01%       1.4
  serial_ms0.900               9.40e-05     47       31     16      0.01%       1.5
  serial_ms1.000               2.38e-04    119       32     87      0.03%       3.3
  serial_ms0.625               8.80e-05     44        8     36      0.07%       1.5
  parallel_ms0.625_iter10      2.28e-04    114        0    114      0.91%       1.6
  parallel_ms0.625_iter30      1.02e-03    508        5    503      0.78%       1.7
  parallel_ms0.625_iter300     8.04e-04    402        9    393      0.77%       4.0
  parallel_ms0.625_iter1000    9.24e-04    462        9    453      0.77%       9.7

q = 0.03   shots = 500000
  variante                          p_L  fall. BP conv.    OSD  non conv. iter med.
  parallel_ms0.400             1.23e-03    613        0    613     16.58%      19.0
  parallel_ms0.425             1.22e-03    611        1    610     11.78%      14.3
  parallel_ms0.450             1.19e-03    595        2    593      8.53%      11.1
  parallel_ms0.475             1.19e-03    593        5    588      6.44%       9.1
  parallel_ms0.500             1.18e-03    588        7    581      5.14%       7.7
  parallel_ms0.525             1.48e-03    740       25    715      3.79%       6.2
  parallel_ms0.550             1.92e-03    962       42    920      3.23%       5.6
  parallel_ms0.575             2.25e-03   1126       58   1068      2.88%       5.1
  parallel_ms0.600             2.69e-03   1347       92   1255      2.62%       4.8
  parallel_ms0.625             2.87e-03   1435      107   1328      2.49%       4.7
  parallel_ms0.650             3.17e-03   1584      129   1455      2.36%       4.6
  parallel_ms0.675             3.54e-03   1768      150   1618      2.17%       4.4
  parallel_ms0.700             3.51e-03   1753      166   1587      1.93%       4.3
  parallel_ms0.725             3.46e-03   1728      202   1526      1.66%       4.1
  parallel_ms0.750             3.02e-03   1508      219   1289      1.37%       4.0
  parallel_ms0.775             2.74e-03   1370      234   1136      1.08%       3.9
  parallel_ms0.800             2.43e-03   1215      252    963      0.83%       3.8
  parallel_ms0.825             2.26e-03   1128      255    873      0.70%       3.8
  parallel_ms0.850             2.03e-03   1014      270    744      0.57%       3.8
  parallel_ms0.875             1.95e-03    976      261    715      0.52%       3.9
  parallel_ms0.900             1.91e-03    957      273    684      0.47%       4.0
  parallel_ms0.925             1.82e-03    912      245    667      0.46%       4.1
  parallel_ms0.950             1.89e-03    943      243    700      0.48%       4.4
  parallel_ms0.975             2.02e-03   1011      200    811      0.52%       4.7
  parallel_ms1.000             4.00e-03   1998      115   1883      1.52%      18.2
  serial_ms0.400               1.23e-03    613        0    613     16.52%      18.3
  serial_ms0.500               1.17e-03    587        7    580      4.96%       6.9
  serial_ms0.600               1.19e-03    594       92    502      0.92%       2.8
  serial_ms0.700               1.23e-03    617      186    431      0.40%       2.2
  serial_ms0.800               1.31e-03    655      288    367      0.18%       2.0
  serial_ms0.900               1.41e-03    707      369    338      0.12%       2.2
  serial_ms1.000               1.91e-03    957      295    662      0.24%       7.7
  serial_ms0.625               1.18e-03    589      110    479      0.73%       2.5
  parallel_ms0.625_iter10      1.62e-03    808       25    783      3.39%       2.3
  parallel_ms0.625_iter30      3.25e-03   1623       89   1534      2.58%       2.9
  parallel_ms0.625_iter300     2.91e-03   1457      108   1349      2.48%       9.7
  parallel_ms0.625_iter1000    3.03e-03   1516      108   1408      2.48%      27.3

Tempo totale: 131s
Salvato: artifacts/v2_20260926/results_M16_anomalia_scala_20260926_122400.json
