========================================================================================
M16 — Gross code [[144,12,12]] e surface code in code-capacity (errori X)
    q = [0.005, 0.01, 0.02, 0.03, 0.04, 0.05, 0.06, 0.08, 0.1]   shots max 200000   stop a 1000 fallimenti   workers 20
    Gross: n=144 k=12 rank Hx=66 rank Hz=66 pesi righe [6]
========================================================================================
  gross_bposd          q=0.005  p_L=4.000e-05 (8/200000)  0.97s
  gross_bposd          q=0.01   p_L=2.750e-04 (55/200000)  0.85s
  gross_bposd          q=0.02   p_L=1.415e-03 (283/200000)  1.84s
  gross_bposd          q=0.03   p_L=4.185e-03 (837/200000)  3.02s
  gross_bposd          q=0.04   p_L=1.190e-02 (1428/120000)  4.77s
  gross_bposd          q=0.05   p_L=3.272e-02 (1309/40000)  3.53s
  gross_bposd          q=0.06   p_L=8.165e-02 (3266/40000)  7.49s
  gross_bposd          q=0.08   p_L=2.784e-01 (11138/40000)  24.84s
  gross_bposd          q=0.1    p_L=5.592e-01 (22368/40000)  41.42s

Confronto a 12 qubit logici: P(almeno un logico errato)
  q         Gross (144/288)
  0.005           4.000e-05
  0.01            2.750e-04
  0.02            1.415e-03
  0.03            4.185e-03
  0.04            1.190e-02
  0.05            3.272e-02
  0.06            8.165e-02
  0.08            2.784e-01
  0.1             5.592e-01

Tempo totale: 89s
Risultati salvati in: artifacts/v2_20260926/results_M16_gross_code_capacity_sens_iter1000_osd20_20260926_033800.json
