\BOOKMARK [0][-]{chapter*.2}{\376\377\000E\000l\000e\000n\000c\000o\000\040\000d\000e\000l\000l\000e\000\040\000f\000i\000g\000u\000r\000e}{}% 1
\BOOKMARK [0][-]{chapter*.3}{\376\377\000E\000l\000e\000n\000c\000o\000\040\000d\000e\000l\000l\000e\000\040\000t\000a\000b\000e\000l\000l\000e}{}% 2
\BOOKMARK [0][-]{section*.5}{\376\377\000E\000l\000e\000n\000c\000o\000\040\000d\000e\000g\000l\000i\000\040\000A\000c\000r\000o\000n\000i\000m\000i}{}% 3
\BOOKMARK [0][-]{chapter.1}{\376\377\000I\000n\000t\000r\000o\000d\000u\000z\000i\000o\000n\000e}{}% 4
\BOOKMARK [1][-]{section.1.1}{\376\377\000I\000l\000\040\000L\000i\000m\000i\000t\000e\000\040\000d\000e\000l\000\040\000C\000a\000l\000c\000o\000l\000o\000\040\000C\000l\000a\000s\000s\000i\000c\000o}{chapter.1}% 5
\BOOKMARK [1][-]{section.1.2}{\376\377\000D\000a\000l\000\040\000B\000i\000t\000\040\000a\000l\000\040\000Q\000u\000b\000i\000t\000:\000\040\000i\000\040\000P\000r\000i\000n\000c\000i\000p\000i\000\040\000F\000i\000s\000i\000c\000i\000\040\000d\000e\000l\000\040\000C\000a\000l\000c\000o\000l\000o\000\040\000Q\000u\000a\000n\000t\000i\000s\000t\000i\000c\000o}{chapter.1}% 6
\BOOKMARK [2][-]{subsection.1.2.1}{\376\377\000I\000l\000\040\000Q\000u\000b\000i\000t\000\040\000e\000\040\000l\000a\000\040\000S\000o\000v\000r\000a\000p\000p\000o\000s\000i\000z\000i\000o\000n\000e}{section.1.2}% 7
\BOOKMARK [2][-]{subsection.1.2.2}{\376\377\000L\000a\000\040\000S\000f\000e\000r\000a\000\040\000d\000i\000\040\000B\000l\000o\000c\000h}{section.1.2}% 8
\BOOKMARK [2][-]{subsection.1.2.3}{\376\377\000L\000'\000E\000n\000t\000a\000n\000g\000l\000e\000m\000e\000n\000t}{section.1.2}% 9
\BOOKMARK [2][-]{subsection.1.2.4}{\376\377\000L\000'\000I\000n\000t\000e\000r\000f\000e\000r\000e\000n\000z\000a\000\040\000Q\000u\000a\000n\000t\000i\000s\000t\000i\000c\000a}{section.1.2}% 10
\BOOKMARK [2][-]{subsection.1.2.5}{\376\377\000I\000m\000p\000l\000e\000m\000e\000n\000t\000a\000z\000i\000o\000n\000e\000\040\000F\000i\000s\000i\000c\000a\000:\000\040\000i\000\040\000Q\000u\000b\000i\000t\000\040\000S\000u\000p\000e\000r\000c\000o\000n\000d\000u\000t\000t\000o\000r\000i\000\040\000d\000i\000\040\000I\000B\000M}{section.1.2}% 11
\BOOKMARK [1][-]{section.1.3}{\376\377\000L\000a\000\040\000R\000i\000v\000o\000l\000u\000z\000i\000o\000n\000e\000\040\000A\000l\000g\000o\000r\000i\000t\000m\000i\000c\000a\000\040\000d\000e\000g\000l\000i\000\040\000A\000n\000n\000i\000\040\000N\000o\000v\000a\000n\000t\000a}{chapter.1}% 12
\BOOKMARK [1][-]{section.1.4}{\376\377\000R\000S\000A\000\040\000e\000\040\000l\000e\000\040\000I\000m\000p\000l\000i\000c\000a\000z\000i\000o\000n\000i\000\040\000C\000r\000i\000t\000t\000o\000g\000r\000a\000f\000i\000c\000h\000e\000\040\000d\000e\000l\000l\000'\000A\000l\000g\000o\000r\000i\000t\000m\000o\000\040\000d\000i\000\040\000S\000h\000o\000r}{chapter.1}% 13
\BOOKMARK [2][-]{subsection.1.4.1}{\376\377\000S\000t\000r\000u\000t\000t\000u\000r\000a\000\040\000d\000e\000l\000\040\000P\000r\000o\000t\000o\000c\000o\000l\000l\000o\000\040\000R\000S\000A}{section.1.4}% 14
\BOOKMARK [2][-]{subsection.1.4.2}{\376\377\000P\000e\000r\000c\000h\000\351\000\040\000l\000'\000A\000l\000g\000o\000r\000i\000t\000m\000o\000\040\000d\000i\000\040\000S\000h\000o\000r\000\040\000R\000o\000m\000p\000e\000\040\000R\000S\000A}{section.1.4}% 15
\BOOKMARK [2][-]{subsection.1.4.3}{\376\377\000I\000m\000p\000l\000i\000c\000a\000z\000i\000o\000n\000i\000\040\000P\000r\000a\000t\000i\000c\000h\000e\000\040\000p\000e\000r\000\040\000l\000a\000\040\000S\000i\000c\000u\000r\000e\000z\000z\000a\000\040\000I\000n\000f\000o\000r\000m\000a\000t\000i\000c\000a}{section.1.4}% 16
\BOOKMARK [1][-]{section.1.5}{\376\377\000C\000r\000i\000t\000t\000o\000g\000r\000a\000f\000i\000a\000\040\000P\000o\000s\000t\000-\000Q\000u\000a\000n\000t\000i\000s\000t\000i\000c\000a\000:\000\040\000l\000a\000\040\000R\000i\000s\000p\000o\000s\000t\000a\000\040\000d\000e\000l\000l\000'\000I\000n\000d\000u\000s\000t\000r\000i\000a}{chapter.1}% 17
\BOOKMARK [2][-]{subsection.1.5.1}{\376\377\000G\000l\000i\000\040\000S\000t\000a\000n\000d\000a\000r\000d\000\040\000N\000I\000S\000T\000\040\0002\0000\0002\0004}{section.1.5}% 18
\BOOKMARK [2][-]{subsection.1.5.2}{\376\377\000L\000a\000\040\000S\000f\000i\000d\000a\000\040\000d\000e\000l\000l\000a\000\040\000M\000i\000g\000r\000a\000z\000i\000o\000n\000e}{section.1.5}% 19
\BOOKMARK [1][-]{section.1.6}{\376\377\000L\000o\000\040\000S\000t\000a\000t\000o\000\040\000d\000e\000l\000l\000'\000A\000r\000t\000e\000:\000\040\000d\000a\000l\000l\000'\000E\000r\000a\000\040\000N\000I\000S\000Q\000\040\000a\000i\000\040\000C\000o\000m\000p\000u\000t\000e\000r\000\040\000F\000a\000u\000l\000t\000-\000T\000o\000l\000e\000r\000a\000n\000t}{chapter.1}% 20
\BOOKMARK [1][-]{section.1.7}{\376\377\000M\000o\000t\000i\000v\000a\000z\000i\000o\000n\000e\000\040\000e\000\040\000C\000o\000n\000t\000r\000i\000b\000u\000t\000o\000\040\000d\000e\000l\000\040\000P\000r\000e\000s\000e\000n\000t\000e\000\040\000L\000a\000v\000o\000r\000o}{chapter.1}% 21
\BOOKMARK [1][-]{section.1.8}{\376\377\000S\000t\000r\000u\000t\000t\000u\000r\000a\000\040\000d\000e\000l\000l\000a\000\040\000T\000e\000s\000i}{chapter.1}% 22
\BOOKMARK [0][-]{chapter.2}{\376\377\000O\000b\000i\000e\000t\000t\000i\000v\000i\000\040\000e\000\040\000P\000i\000a\000n\000o\000\040\000S\000p\000e\000r\000i\000m\000e\000n\000t\000a\000l\000e}{}% 23
\BOOKMARK [1][-]{section.2.1}{\376\377\000M\000o\000t\000i\000v\000a\000z\000i\000o\000n\000e\000:\000\040\000l\000a\000\040\000V\000u\000l\000n\000e\000r\000a\000b\000i\000l\000i\000t\000\340\000\040\000d\000e\000l\000l\000a\000\040\000C\000r\000i\000t\000t\000o\000g\000r\000a\000f\000i\000a\000\040\000A\000t\000t\000u\000a\000l\000e}{chapter.2}% 24
\BOOKMARK [1][-]{section.2.2}{\376\377\000O\000b\000i\000e\000t\000t\000i\000v\000i\000\040\000G\000e\000n\000e\000r\000a\000l\000i}{chapter.2}% 25
\BOOKMARK [1][-]{section.2.3}{\376\377\000O\000b\000i\000e\000t\000t\000i\000v\000i\000\040\000S\000p\000e\000c\000i\000f\000i\000c\000i}{chapter.2}% 26
\BOOKMARK [1][-]{section.2.4}{\376\377\000I\000p\000o\000t\000e\000s\000i\000\040\000d\000i\000\040\000L\000a\000v\000o\000r\000o}{chapter.2}% 27
\BOOKMARK [1][-]{section.2.5}{\376\377\000C\000o\000n\000t\000r\000i\000b\000u\000t\000o\000\040\000O\000r\000i\000g\000i\000n\000a\000l\000e}{chapter.2}% 28
\BOOKMARK [1][-]{section.2.6}{\376\377\000R\000e\000q\000u\000i\000s\000i\000t\000i\000\040\000F\000u\000n\000z\000i\000o\000n\000a\000l\000i}{chapter.2}% 29
\BOOKMARK [1][-]{section.2.7}{\376\377\000P\000a\000r\000a\000m\000e\000t\000r\000i\000\040\000d\000i\000\040\000I\000n\000p\000u\000t\000\040\000e\000\040\000O\000u\000t\000p\000u\000t}{chapter.2}% 30
\BOOKMARK [2][-]{subsection.2.7.1}{\376\377\000P\000a\000r\000a\000m\000e\000t\000r\000i\000\040\000d\000i\000\040\000I\000n\000p\000u\000t}{section.2.7}% 31
\BOOKMARK [2][-]{subsection.2.7.2}{\376\377\000O\000u\000t\000p\000u\000t\000\040\000d\000e\000l\000\040\000S\000i\000s\000t\000e\000m\000a}{section.2.7}% 32
\BOOKMARK [1][-]{section.2.8}{\376\377\000I\000\040\000Q\000u\000a\000t\000t\000r\000o\000\040\000U\000s\000e\000\040\000C\000a\000s\000e}{chapter.2}% 33
\BOOKMARK [2][-]{subsection.2.8.1}{\376\377\000P\000a\000r\000a\000m\000e\000t\000r\000i\000\040\000d\000e\000i\000\040\000U\000s\000e\000\040\000C\000a\000s\000e}{section.2.8}% 34
\BOOKMARK [2][-]{subsection.2.8.2}{\376\377\000R\000a\000z\000i\000o\000n\000a\000l\000e\000\040\000p\000e\000r\000\040\000l\000a\000\040\000S\000c\000e\000l\000t\000a\000\040\000d\000e\000l\000l\000e\000\040\000I\000s\000t\000a\000n\000z\000e}{section.2.8}% 35
\BOOKMARK [1][-]{section.2.9}{\376\377\000M\000e\000t\000r\000i\000c\000h\000e\000\040\000d\000i\000\040\000V\000a\000l\000u\000t\000a\000z\000i\000o\000n\000e}{chapter.2}% 36
\BOOKMARK [2][-]{subsection.2.9.1}{\376\377\000M\000e\000t\000r\000i\000c\000h\000e\000\040\000d\000e\000l\000\040\000M\000e\000t\000o\000d\000o\000\040\0001}{section.2.9}% 37
\BOOKMARK [2][-]{subsection.2.9.2}{\376\377\000M\000e\000t\000r\000i\000c\000h\000e\000\040\000d\000e\000l\000\040\000M\000e\000t\000o\000d\000o\000\040\0002}{section.2.9}% 38
\BOOKMARK [2][-]{subsection.2.9.3}{\376\377\000M\000e\000t\000r\000i\000c\000a\000\040\000d\000i\000\040\000C\000o\000n\000f\000r\000o\000n\000t\000o}{section.2.9}% 39
\BOOKMARK [2][-]{subsection.2.9.4}{\376\377\000P\000a\000r\000a\000m\000e\000t\000r\000i\000\040\000d\000i\000\040\000E\000r\000r\000o\000r\000\040\000M\000i\000t\000i\000g\000a\000t\000i\000o\000n\000\040\000A\000p\000p\000l\000i\000c\000a\000t\000i}{section.2.9}% 40
\BOOKMARK [1][-]{section.2.10}{\376\377\000A\000p\000p\000r\000o\000c\000c\000i\000o\000\040\000M\000e\000t\000o\000d\000o\000l\000o\000g\000i\000c\000o}{chapter.2}% 41
\BOOKMARK [0][-]{chapter.3}{\376\377\000F\000o\000n\000d\000a\000m\000e\000n\000t\000i\000\040\000d\000e\000l\000\040\000C\000a\000l\000c\000o\000l\000o\000\040\000Q\000u\000a\000n\000t\000i\000s\000t\000i\000c\000o}{}% 42
\BOOKMARK [1][-]{section.3.1}{\376\377\000D\000a\000l\000l\000a\000\040\000M\000e\000c\000c\000a\000n\000i\000c\000a\000\040\000C\000l\000a\000s\000s\000i\000c\000a\000\040\000a\000l\000l\000a\000\040\000M\000e\000c\000c\000a\000n\000i\000c\000a\000\040\000Q\000u\000a\000n\000t\000i\000s\000t\000i\000c\000a}{chapter.3}% 43
\BOOKMARK [1][-]{section.3.2}{\376\377\000I\000\040\000P\000o\000s\000t\000u\000l\000a\000t\000i\000\040\000d\000e\000l\000l\000a\000\040\000M\000e\000c\000c\000a\000n\000i\000c\000a\000\040\000Q\000u\000a\000n\000t\000i\000s\000t\000i\000c\000a}{chapter.3}% 44
\BOOKMARK [1][-]{section.3.3}{\376\377\000I\000l\000\040\000Q\000u\000b\000i\000t}{chapter.3}% 45
\BOOKMARK [2][-]{subsection.3.3.1}{\376\377\000D\000e\000f\000i\000n\000i\000z\000i\000o\000n\000e\000\040\000M\000a\000t\000e\000m\000a\000t\000i\000c\000a}{section.3.3}% 46
\BOOKMARK [2][-]{subsection.3.3.2}{\376\377\000L\000a\000\040\000S\000f\000e\000r\000a\000\040\000d\000i\000\040\000B\000l\000o\000c\000h}{section.3.3}% 47
\BOOKMARK [1][-]{section.3.4}{\376\377\000S\000i\000s\000t\000e\000m\000i\000\040\000M\000u\000l\000t\000i\000-\000Q\000u\000b\000i\000t\000\040\000e\000\040\000P\000r\000o\000d\000o\000t\000t\000o\000\040\000T\000e\000n\000s\000o\000r\000i\000a\000l\000e}{chapter.3}% 48
\BOOKMARK [2][-]{subsection.3.4.1}{\376\377\000E\000n\000t\000a\000n\000g\000l\000e\000m\000e\000n\000t}{section.3.4}% 49
\BOOKMARK [2][-]{subsection.3.4.2}{\376\377\000L\000'\000E\000n\000t\000a\000n\000g\000l\000e\000m\000e\000n\000t\000\040\000c\000o\000m\000e\000\040\000R\000i\000s\000o\000r\000s\000a\000\040\000F\000i\000s\000i\000c\000a\000\040\000F\000r\000a\000g\000i\000l\000e}{section.3.4}% 50
\BOOKMARK [1][-]{section.3.5}{\376\377\000P\000o\000r\000t\000e\000\040\000Q\000u\000a\000n\000t\000i\000s\000t\000i\000c\000h\000e}{chapter.3}% 51
\BOOKMARK [2][-]{subsection.3.5.1}{\376\377\000P\000o\000r\000t\000e\000\040\000a\000\040\000S\000i\000n\000g\000o\000l\000o\000\040\000Q\000u\000b\000i\000t}{section.3.5}% 52
\BOOKMARK [2][-]{subsection.3.5.2}{\376\377\000P\000o\000r\000t\000e\000\040\000a\000\040\000D\000u\000e\000\040\000Q\000u\000b\000i\000t}{section.3.5}% 53
\BOOKMARK [1][-]{section.3.6}{\376\377\000C\000i\000r\000c\000u\000i\000t\000i\000\040\000Q\000u\000a\000n\000t\000i\000s\000t\000i\000c\000i}{chapter.3}% 54
\BOOKMARK [1][-]{section.3.7}{\376\377\000M\000i\000s\000u\000r\000a\000\040\000Q\000u\000a\000n\000t\000i\000s\000t\000i\000c\000a}{chapter.3}% 55
\BOOKMARK [1][-]{section.3.8}{\376\377\000I\000n\000t\000e\000r\000f\000e\000r\000e\000n\000z\000a\000\040\000Q\000u\000a\000n\000t\000i\000s\000t\000i\000c\000a}{chapter.3}% 56
\BOOKMARK [1][-]{section.3.9}{\376\377\000M\000o\000d\000e\000l\000l\000o\000\040\000d\000i\000\040\000C\000o\000m\000p\000l\000e\000s\000s\000i\000t\000\340\000\040\000Q\000u\000a\000n\000t\000i\000s\000t\000i\000c\000a}{chapter.3}% 57
\BOOKMARK [0][-]{chapter.4}{\376\377\000L\000'\000A\000l\000g\000o\000r\000i\000t\000m\000o\000\040\000d\000i\000\040\000S\000h\000o\000r}{}% 58
\BOOKMARK [1][-]{section.4.1}{\376\377\000I\000l\000\040\000P\000r\000o\000b\000l\000e\000m\000a\000\040\000d\000e\000l\000l\000a\000\040\000F\000a\000t\000t\000o\000r\000i\000z\000z\000a\000z\000i\000o\000n\000e\000\040\000I\000n\000t\000e\000r\000a}{chapter.4}% 59
\BOOKMARK [2][-]{subsection.4.1.1}{\376\377\000R\000i\000l\000e\000v\000a\000n\000z\000a\000\040\000C\000r\000i\000t\000t\000o\000g\000r\000a\000f\000i\000c\000a\000:\000\040\000R\000S\000A}{section.4.1}% 60
\BOOKMARK [1][-]{section.4.2}{\376\377\000R\000i\000d\000u\000z\000i\000o\000n\000e\000\040\000a\000l\000l\000a\000\040\000R\000i\000c\000e\000r\000c\000a\000\040\000d\000e\000l\000\040\000P\000e\000r\000i\000o\000d\000o}{chapter.4}% 61
\BOOKMARK [1][-]{section.4.3}{\376\377\000L\000a\000\040\000Q\000u\000a\000n\000t\000u\000m\000\040\000F\000o\000u\000r\000i\000e\000r\000\040\000T\000r\000a\000n\000s\000f\000o\000r\000m}{chapter.4}% 62
\BOOKMARK [2][-]{subsection.4.3.1}{\376\377\000D\000e\000f\000i\000n\000i\000z\000i\000o\000n\000e}{section.4.3}% 63
\BOOKMARK [2][-]{subsection.4.3.2}{\376\377\000I\000m\000p\000l\000e\000m\000e\000n\000t\000a\000z\000i\000o\000n\000e\000\040\000E\000f\000f\000i\000c\000i\000e\000n\000t\000e}{section.4.3}% 64
\BOOKMARK [2][-]{subsection.4.3.3}{\376\377\000P\000h\000a\000s\000e\000\040\000E\000s\000t\000i\000m\000a\000t\000i\000o\000n}{section.4.3}% 65
\BOOKMARK [1][-]{section.4.4}{\376\377\000L\000'\000A\000l\000g\000o\000r\000i\000t\000m\000o\000\040\000d\000i\000\040\000S\000h\000o\000r\000:\000\040\000S\000c\000h\000e\000m\000a\000\040\000C\000o\000m\000p\000l\000e\000t\000o}{chapter.4}% 66
\BOOKMARK [2][-]{subsection.4.4.1}{\376\377\000I\000l\000\040\000R\000u\000o\000l\000o\000\040\000d\000e\000l\000l\000'\000E\000n\000t\000a\000n\000g\000l\000e\000m\000e\000n\000t\000\040\000n\000e\000l\000\040\000P\000e\000r\000i\000o\000d\000\040\000F\000i\000n\000d\000i\000n\000g}{section.4.4}% 67
\BOOKMARK [1][-]{section.4.5}{\376\377\000A\000n\000a\000l\000i\000s\000i\000\040\000d\000e\000l\000l\000a\000\040\000C\000o\000m\000p\000l\000e\000s\000s\000i\000t\000\340}{chapter.4}% 68
\BOOKMARK [1][-]{section.4.6}{\376\377\000I\000m\000p\000a\000t\000t\000o\000\040\000s\000u\000l\000l\000a\000\040\000C\000r\000i\000t\000t\000o\000g\000r\000a\000f\000i\000a\000\040\000e\000\040\000P\000r\000o\000s\000p\000e\000t\000t\000i\000v\000e\000\040\000P\000o\000s\000t\000-\000Q\000u\000a\000n\000t\000u\000m}{chapter.4}% 69
\BOOKMARK [1][-]{section.4.7}{\376\377\000S\000v\000i\000l\000u\000p\000p\000i\000\040\000R\000e\000c\000e\000n\000t\000i\000\040\000e\000\040\000S\000t\000a\000t\000o\000\040\000d\000e\000l\000l\000'\000A\000r\000t\000e}{chapter.4}% 70
\BOOKMARK [2][-]{subsection.4.7.1}{\376\377\000I\000m\000p\000l\000e\000m\000e\000n\000t\000a\000z\000i\000o\000n\000i\000\040\000s\000u\000\040\000H\000a\000r\000d\000w\000a\000r\000e\000\040\000R\000e\000a\000l\000e}{section.4.7}% 71
\BOOKMARK [2][-]{subsection.4.7.2}{\376\377\000M\000i\000g\000l\000i\000o\000r\000a\000m\000e\000n\000t\000i\000\040\000A\000l\000g\000o\000r\000i\000t\000m\000i\000c\000i\000:\000\040\000R\000e\000g\000e\000v\000\040\0002\0000\0002\0003}{section.4.7}% 72
\BOOKMARK [2][-]{subsection.4.7.3}{\376\377\000R\000o\000a\000d\000m\000a\000p\000\040\000I\000B\000M\000\040\000v\000e\000r\000s\000o\000\040\000i\000l\000\040\000Q\000u\000a\000n\000t\000u\000m\000\040\000F\000a\000u\000l\000t\000-\000T\000o\000l\000e\000r\000a\000n\000t}{section.4.7}% 73
\BOOKMARK [1][-]{section.4.8}{\376\377\000C\000o\000n\000t\000e\000s\000t\000o\000:\000\040\000C\000o\000n\000f\000r\000o\000n\000t\000o\000\040\000c\000o\000n\000\040\000l\000'\000A\000l\000g\000o\000r\000i\000t\000m\000o\000\040\000d\000i\000\040\000G\000r\000o\000v\000e\000r}{chapter.4}% 74
\BOOKMARK [2][-]{subsection.4.8.1}{\376\377\000I\000l\000\040\000P\000r\000o\000b\000l\000e\000m\000a\000\040\000d\000i\000\040\000G\000r\000o\000v\000e\000r}{section.4.8}% 75
\BOOKMARK [2][-]{subsection.4.8.2}{\376\377\000D\000i\000f\000f\000e\000r\000e\000n\000z\000e\000\040\000F\000o\000n\000d\000a\000m\000e\000n\000t\000a\000l\000i}{section.4.8}% 76
\BOOKMARK [0][-]{chapter.5}{\376\377\000R\000u\000m\000o\000r\000e\000\040\000Q\000u\000a\000n\000t\000i\000s\000t\000i\000c\000o\000\040\000n\000e\000i\000\040\000S\000i\000s\000t\000e\000m\000i\000\040\000N\000I\000S\000Q}{}% 77
\BOOKMARK [1][-]{section.5.1}{\376\377\000I\000n\000t\000r\000o\000d\000u\000z\000i\000o\000n\000e\000\040\000a\000l\000\040\000R\000u\000m\000o\000r\000e\000\040\000Q\000u\000a\000n\000t\000i\000s\000t\000i\000c\000o}{chapter.5}% 78
\BOOKMARK [1][-]{section.5.2}{\376\377\000L\000e\000\040\000Q\000u\000a\000t\000t\000r\000o\000\040\000F\000o\000n\000t\000i\000\040\000F\000i\000s\000i\000c\000h\000e\000\040\000d\000i\000\040\000R\000u\000m\000o\000r\000e}{chapter.5}% 79
\BOOKMARK [2][-]{subsection.5.2.1}{\376\377\000D\000e\000c\000o\000e\000r\000e\000n\000z\000a\000\040\000\050\000T\0001\000\040\000e\000\040\000T\0002\000\051}{section.5.2}% 80
\BOOKMARK [2][-]{subsection.5.2.2}{\376\377\000E\000r\000r\000o\000r\000i\000\040\000d\000i\000\040\000G\000a\000t\000e}{section.5.2}% 81
\BOOKMARK [2][-]{subsection.5.2.3}{\376\377\000E\000r\000r\000o\000r\000i\000\040\000d\000i\000\040\000M\000i\000s\000u\000r\000a\000\040\000\050\000R\000e\000a\000d\000o\000u\000t\000\040\000E\000r\000r\000o\000r\000s\000\051}{section.5.2}% 82
\BOOKMARK [2][-]{subsection.5.2.4}{\376\377\000C\000r\000o\000s\000s\000t\000a\000l\000k}{section.5.2}% 83
\BOOKMARK [1][-]{section.5.3}{\376\377\000D\000a\000l\000\040\000F\000e\000n\000o\000m\000e\000n\000o\000\040\000F\000i\000s\000i\000c\000o\000\040\000a\000l\000\040\000M\000o\000d\000e\000l\000l\000o\000\040\000M\000a\000t\000e\000m\000a\000t\000i\000c\000o}{chapter.5}% 84
\BOOKMARK [1][-]{section.5.4}{\376\377\000I\000\040\000Q\000u\000a\000t\000t\000r\000o\000\040\000C\000a\000n\000a\000l\000i\000\040\000M\000a\000t\000e\000m\000a\000t\000i\000c\000i\000\040\000d\000e\000l\000\040\000R\000u\000m\000o\000r\000e}{chapter.5}% 85
\BOOKMARK [2][-]{subsection.5.4.1}{\376\377\000C\000a\000n\000a\000l\000e\000\040\000B\000i\000t\000\040\000F\000l\000i\000p}{section.5.4}% 86
\BOOKMARK [2][-]{subsection.5.4.2}{\376\377\000C\000a\000n\000a\000l\000e\000\040\000P\000h\000a\000s\000e\000\040\000F\000l\000i\000p}{section.5.4}% 87
\BOOKMARK [2][-]{subsection.5.4.3}{\376\377\000C\000a\000n\000a\000l\000e\000\040\000D\000e\000p\000o\000l\000a\000r\000i\000z\000z\000a\000n\000t\000e}{section.5.4}% 88
\BOOKMARK [2][-]{subsection.5.4.4}{\376\377\000C\000a\000n\000a\000l\000e\000\040\000d\000i\000\040\000A\000m\000p\000l\000i\000t\000u\000d\000e\000\040\000D\000a\000m\000p\000i\000n\000g}{section.5.4}% 89
\BOOKMARK [1][-]{section.5.5}{\376\377\000I\000m\000p\000a\000t\000t\000o\000\040\000d\000e\000l\000\040\000R\000u\000m\000o\000r\000e\000\040\000s\000u\000l\000l\000'\000A\000l\000g\000o\000r\000i\000t\000m\000o\000\040\000d\000i\000\040\000S\000h\000o\000r}{chapter.5}% 90
\BOOKMARK [2][-]{subsection.5.5.1}{\376\377\000E\000r\000r\000o\000r\000i\000\040\000n\000e\000l\000l\000a\000\040\000Q\000u\000a\000n\000t\000u\000m\000\040\000F\000o\000u\000r\000i\000e\000r\000\040\000T\000r\000a\000n\000s\000f\000o\000r\000m}{section.5.5}% 91
\BOOKMARK [2][-]{subsection.5.5.2}{\376\377\000E\000r\000r\000o\000r\000i\000\040\000n\000e\000l\000l\000a\000\040\000P\000h\000a\000s\000e\000\040\000E\000s\000t\000i\000m\000a\000t\000i\000o\000n}{section.5.5}% 92
\BOOKMARK [2][-]{subsection.5.5.3}{\376\377\000E\000r\000r\000o\000r\000i\000\040\000n\000e\000l\000l\000a\000\040\000M\000o\000d\000u\000l\000a\000r\000\040\000E\000x\000p\000o\000n\000e\000n\000t\000i\000a\000t\000i\000o\000n}{section.5.5}% 93
\BOOKMARK [1][-]{section.5.6}{\376\377\000S\000f\000i\000d\000e\000\040\000P\000r\000a\000t\000i\000c\000h\000e\000\040\000s\000u\000\040\000H\000a\000r\000d\000w\000a\000r\000e\000\040\000N\000I\000S\000Q}{chapter.5}% 94
\BOOKMARK [0][-]{chapter.6}{\376\377\000S\000t\000r\000a\000t\000e\000g\000i\000e\000\040\000p\000e\000r\000\040\000l\000a\000\040\000R\000i\000d\000u\000z\000i\000o\000n\000e\000\040\000d\000e\000l\000\040\000R\000u\000m\000o\000r\000e\000\040\000Q\000u\000a\000n\000t\000i\000s\000t\000i\000c\000o}{}% 95
\BOOKMARK [1][-]{section.6.1}{\376\377\000L\000e\000\040\000Q\000u\000a\000t\000t\000r\000o\000\040\000S\000t\000r\000a\000t\000e\000g\000i\000e\000:\000\040\000P\000a\000n\000o\000r\000a\000m\000i\000c\000a\000\040\000e\000\040\000S\000c\000e\000l\000t\000a}{chapter.6}% 96
\BOOKMARK [1][-]{section.6.2}{\376\377\000Q\000u\000a\000n\000t\000u\000m\000\040\000M\000a\000c\000h\000i\000n\000e\000\040\000L\000e\000a\000r\000n\000i\000n\000g\000\040\000p\000e\000r\000\040\000l\000a\000\040\000R\000o\000b\000u\000s\000t\000e\000z\000z\000a\000\040\000a\000l\000\040\000R\000u\000m\000o\000r\000e}{chapter.6}% 97
\BOOKMARK [1][-]{section.6.3}{\376\377\000L\000a\000\040\000C\000o\000r\000r\000e\000z\000i\000o\000n\000e\000\040\000d\000e\000g\000l\000i\000\040\000E\000r\000r\000o\000r\000i\000\040\000Q\000u\000a\000n\000t\000i\000s\000t\000i\000c\000i\000\040\000c\000o\000m\000e\000\040\000\040\000S\000o\000t\000t\000o\000c\000a\000t\000e\000g\000o\000r\000i\000a\000\040\000d\000e\000l\000\040\000Q\000M\000L}{chapter.6}% 98
\BOOKMARK [2][-]{subsection.6.3.1}{\376\377\000I\000l\000\040\000P\000r\000o\000b\000l\000e\000m\000a\000\040\000F\000o\000n\000d\000a\000m\000e\000n\000t\000a\000l\000e}{section.6.3}% 99
\BOOKMARK [2][-]{subsection.6.3.2}{\376\377\000I\000l\000\040\000P\000a\000r\000a\000d\000i\000g\000m\000a\000\040\000i\000n\000\040\000T\000r\000e\000\040\000F\000a\000s\000i}{section.6.3}% 100
\BOOKMARK [2][-]{subsection.6.3.3}{\376\377\000I\000\040\000P\000r\000i\000n\000c\000i\000p\000a\000l\000i\000\040\000C\000o\000d\000i\000c\000i\000\040\000Q\000u\000a\000n\000t\000i\000s\000t\000i\000c\000i}{section.6.3}% 101
\BOOKMARK [2][-]{subsection.6.3.4}{\376\377\000P\000e\000r\000c\000h\000\351\000\040\000l\000a\000\040\000Q\000E\000C\000\040\000\350\000\040\000u\000n\000a\000\040\000S\000o\000t\000t\000o\000c\000a\000t\000e\000g\000o\000r\000i\000a\000\040\000d\000e\000l\000\040\000Q\000M\000L}{section.6.3}% 102
\BOOKMARK [1][-]{section.6.4}{\376\377\000M\000o\000t\000i\000v\000a\000z\000i\000o\000n\000e\000\040\000P\000r\000a\000t\000i\000c\000a\000:\000\040\000i\000l\000\040\000C\000o\000n\000t\000r\000i\000b\000u\000t\000o\000\040\000d\000i\000\040\000q\000u\000e\000s\000t\000a\000\040\000T\000e\000s\000i}{chapter.6}% 103
\BOOKMARK [0][-]{chapter.7}{\376\377\000S\000t\000r\000u\000m\000e\000n\000t\000i\000\040\000e\000\040\000A\000m\000b\000i\000e\000n\000t\000e\000\040\000d\000i\000\040\000S\000i\000m\000u\000l\000a\000z\000i\000o\000n\000e}{}% 104
\BOOKMARK [1][-]{section.7.1}{\376\377\000Q\000i\000s\000k\000i\000t\000:\000\040\000i\000l\000\040\000F\000r\000a\000m\000e\000w\000o\000r\000k\000\040\000Q\000u\000a\000n\000t\000i\000s\000t\000i\000c\000o\000\040\000d\000i\000\040\000R\000i\000f\000e\000r\000i\000m\000e\000n\000t\000o}{chapter.7}% 105
\BOOKMARK [2][-]{subsection.7.1.1}{\376\377\000A\000r\000c\000h\000i\000t\000e\000t\000t\000u\000r\000a\000\040\000d\000e\000l\000\040\000F\000r\000a\000m\000e\000w\000o\000r\000k}{section.7.1}% 106
\BOOKMARK [2][-]{subsection.7.1.2}{\376\377\000P\000e\000r\000c\000h\000\351\000\040\000Q\000i\000s\000k\000i\000t\000\040\000e\000\040\000n\000o\000n\000\040\000u\000n\000'\000a\000l\000t\000e\000r\000n\000a\000t\000i\000v\000a}{section.7.1}% 107
\BOOKMARK [1][-]{section.7.2}{\376\377\000Q\000i\000s\000k\000i\000t\000\040\000A\000e\000r\000:\000\040\000i\000l\000\040\000S\000i\000m\000u\000l\000a\000t\000o\000r\000e}{chapter.7}% 108
\BOOKMARK [2][-]{subsection.7.2.1}{\376\377\000M\000e\000t\000o\000d\000i\000\040\000d\000i\000\040\000S\000i\000m\000u\000l\000a\000z\000i\000o\000n\000e}{section.7.2}% 109
\BOOKMARK [2][-]{subsection.7.2.2}{\376\377\000M\000o\000d\000e\000l\000l\000i\000\040\000d\000i\000\040\000R\000u\000m\000o\000r\000e}{section.7.2}% 110
\BOOKMARK [2][-]{subsection.7.2.3}{\376\377\000T\000r\000a\000n\000s\000p\000i\000l\000a\000z\000i\000o\000n\000e}{section.7.2}% 111
\BOOKMARK [1][-]{section.7.3}{\376\377\000A\000c\000c\000e\000l\000e\000r\000a\000z\000i\000o\000n\000e\000\040\000G\000P\000U\000\040\000c\000o\000n\000\040\000Q\000i\000s\000k\000i\000t\000\040\000A\000e\000r}{chapter.7}% 112
\BOOKMARK [1][-]{section.7.4}{\376\377\000s\000c\000i\000k\000i\000t\000-\000l\000e\000a\000r\000n\000:\000\040\000l\000a\000\040\000L\000i\000b\000r\000e\000r\000i\000a\000\040\000p\000e\000r\000\040\000i\000l\000\040\000C\000l\000a\000s\000s\000i\000f\000i\000c\000a\000t\000o\000r\000e}{chapter.7}% 113
\BOOKMARK [1][-]{section.7.5}{\376\377\000A\000m\000b\000i\000e\000n\000t\000e\000\040\000d\000i\000\040\000E\000s\000e\000c\000u\000z\000i\000o\000n\000e\000:\000\040\000W\000S\000L\000\040\000c\000o\000n\000\040\000U\000b\000u\000n\000t\000u}{chapter.7}% 114
\BOOKMARK [0][-]{chapter.8}{\376\377\000M\000e\000t\000o\000d\000o\000l\000o\000g\000i\000a\000\040\000e\000\040\000A\000r\000c\000h\000i\000t\000e\000t\000t\000u\000r\000a}{}% 115
\BOOKMARK [1][-]{section.8.1}{\376\377\000O\000b\000i\000e\000t\000t\000i\000v\000i\000\040\000d\000e\000l\000l\000a\000\040\000P\000a\000r\000t\000e\000\040\000S\000p\000e\000r\000i\000m\000e\000n\000t\000a\000l\000e}{chapter.8}% 116
\BOOKMARK [1][-]{section.8.2}{\376\377\000A\000r\000c\000h\000i\000t\000e\000t\000t\000u\000r\000a\000\040\000d\000e\000l\000\040\000P\000i\000p\000e\000l\000i\000n\000e\000\040\000S\000p\000e\000r\000i\000m\000e\000n\000t\000a\000l\000e}{chapter.8}% 117
\BOOKMARK [1][-]{section.8.3}{\376\377\000T\000e\000c\000n\000i\000c\000h\000e\000\040\000d\000i\000\040\000M\000i\000t\000i\000g\000a\000z\000i\000o\000n\000e\000\040\000d\000e\000l\000\040\000R\000u\000m\000o\000r\000e\000:\000\040\000A\000n\000a\000l\000i\000s\000i\000\040\000e\000\040\000S\000c\000e\000l\000t\000e\000\040\000I\000m\000p\000l\000e\000m\000e\000n\000t\000a\000t\000i\000v\000e}{chapter.8}% 118
\BOOKMARK [2][-]{subsection.8.3.1}{\376\377\000L\000i\000v\000e\000l\000l\000o\000\040\000d\000i\000\040\000C\000i\000r\000c\000u\000i\000t\000o\000:\000\040\000T\000r\000a\000n\000s\000p\000i\000l\000a\000z\000i\000o\000n\000e\000\040\000e\000\040\000R\000i\000d\000u\000z\000i\000o\000n\000e\000\040\000d\000e\000l\000l\000a\000\040\000P\000r\000o\000f\000o\000n\000d\000i\000t\000\340}{section.8.3}% 119
\BOOKMARK [2][-]{subsection.8.3.2}{\376\377\000L\000i\000v\000e\000l\000l\000o\000\040\000d\000i\000\040\000M\000i\000s\000u\000r\000a\000:\000\040\000M\000i\000t\000i\000g\000a\000z\000i\000o\000n\000e\000\040\000d\000e\000g\000l\000i\000\040\000E\000r\000r\000o\000r\000i\000\040\000d\000i\000\040\000R\000e\000a\000d\000o\000u\000t}{section.8.3}% 120
\BOOKMARK [2][-]{subsection.8.3.3}{\376\377\000L\000i\000v\000e\000l\000l\000o\000\040\000d\000i\000\040\000P\000o\000s\000t\000-\000p\000r\000o\000c\000e\000s\000s\000i\000n\000g\000:\000\040\000Z\000e\000r\000o\000-\000N\000o\000i\000s\000e\000\040\000E\000x\000t\000r\000a\000p\000o\000l\000a\000t\000i\000o\000n}{section.8.3}% 121
\BOOKMARK [2][-]{subsection.8.3.4}{\376\377\000A\000n\000a\000l\000i\000s\000i\000\040\000d\000i\000\040\000S\000e\000n\000s\000i\000b\000i\000l\000i\000t\000\340\000\040\000a\000i\000\040\000P\000a\000r\000a\000m\000e\000t\000r\000i\000\040\000d\000i\000\040\000R\000u\000m\000o\000r\000e}{section.8.3}% 122
\BOOKMARK [2][-]{subsection.8.3.5}{\376\377\000S\000c\000e\000l\000t\000a\000\040\000A\000d\000o\000t\000t\000a\000t\000a\000:\000\040\000C\000l\000a\000s\000s\000i\000f\000i\000c\000a\000t\000o\000r\000e\000\040\000M\000L\000\040\000c\000o\000m\000e\000\040\000F\000i\000l\000t\000r\000o\000\040\000A\000d\000a\000t\000t\000i\000v\000o}{section.8.3}% 123
\BOOKMARK [1][-]{section.8.4}{\376\377\000I\000l\000\040\000M\000e\000t\000o\000d\000o\000\040\0001\000:\000\040\000A\000p\000p\000r\000o\000c\000c\000i\000o\000\040\000S\000t\000a\000t\000i\000s\000t\000i\000c\000o\000\040\000C\000l\000a\000s\000s\000i\000c\000o}{chapter.8}% 124
\BOOKMARK [1][-]{section.8.5}{\376\377\000I\000l\000\040\000M\000e\000t\000o\000d\000o\000\040\0002\000:\000\040\000C\000l\000a\000s\000s\000i\000f\000i\000c\000a\000t\000o\000r\000e\000\040\000M\000L}{chapter.8}% 125
\BOOKMARK [0][-]{chapter.9}{\376\377\000S\000v\000i\000l\000u\000p\000p\000o\000\040\000e\000\040\000I\000m\000p\000l\000e\000m\000e\000n\000t\000a\000z\000i\000o\000n\000e}{}% 126
\BOOKMARK [1][-]{section.9.1}{\376\377\000S\000e\000t\000u\000p\000\040\000d\000e\000l\000l\000'\000A\000m\000b\000i\000e\000n\000t\000e\000\040\000d\000i\000\040\000E\000s\000e\000c\000u\000z\000i\000o\000n\000e}{chapter.9}% 127
\BOOKMARK [2][-]{subsection.9.1.1}{\376\377\000D\000i\000p\000e\000n\000d\000e\000n\000z\000e\000\040\000e\000\040\000V\000i\000r\000t\000u\000a\000l\000\040\000E\000n\000v\000i\000r\000o\000n\000m\000e\000n\000t}{section.9.1}% 128
\BOOKMARK [2][-]{subsection.9.1.2}{\376\377\000A\000c\000c\000e\000l\000e\000r\000a\000z\000i\000o\000n\000e\000\040\000G\000P\000U\000:\000\040\000T\000e\000n\000t\000a\000t\000i\000v\000o\000\040\000e\000\040\000L\000i\000m\000i\000t\000a\000z\000i\000o\000n\000e\000\040\000W\000S\000L}{section.9.1}% 129
\BOOKMARK [1][-]{section.9.2}{\376\377\000L\000'\000A\000l\000g\000o\000r\000i\000t\000m\000o\000\040\000d\000i\000\040\000S\000h\000o\000r\000:\000\040\000I\000m\000p\000l\000e\000m\000e\000n\000t\000a\000z\000i\000o\000n\000e\000\040\000d\000i\000\040\000R\000i\000f\000e\000r\000i\000m\000e\000n\000t\000o}{chapter.9}% 130
\BOOKMARK [2][-]{subsection.9.2.1}{\376\377\000L\000a\000\040\000Q\000u\000a\000n\000t\000u\000m\000\040\000F\000o\000u\000r\000i\000e\000r\000\040\000T\000r\000a\000n\000s\000f\000o\000r\000m}{section.9.2}% 131
\BOOKMARK [2][-]{subsection.9.2.2}{\376\377\000L\000a\000\040\000M\000o\000l\000t\000i\000p\000l\000i\000c\000a\000z\000i\000o\000n\000e\000\040\000M\000o\000d\000u\000l\000a\000r\000e\000\040\000C\000o\000n\000t\000r\000o\000l\000l\000a\000t\000a}{section.9.2}% 132
\BOOKMARK [2][-]{subsection.9.2.3}{\376\377\000C\000i\000r\000c\000u\000i\000t\000o\000\040\000C\000o\000m\000p\000l\000e\000t\000o\000\040\000e\000\040\000P\000o\000s\000t\000-\000P\000r\000o\000c\000e\000s\000s\000i\000n\000g}{section.9.2}% 133
\BOOKMARK [1][-]{section.9.3}{\376\377\000C\000o\000n\000f\000i\000g\000u\000r\000a\000z\000i\000o\000n\000e\000\040\000d\000e\000l\000\040\000N\000o\000i\000s\000e\000\040\000M\000o\000d\000e\000l}{chapter.9}% 134
\BOOKMARK [1][-]{section.9.4}{\376\377\000I\000m\000p\000l\000e\000m\000e\000n\000t\000a\000z\000i\000o\000n\000e\000\040\000d\000e\000l\000\040\000M\000e\000t\000o\000d\000o\000\040\0001}{chapter.9}% 135
\BOOKMARK [1][-]{section.9.5}{\376\377\000I\000m\000p\000l\000e\000m\000e\000n\000t\000a\000z\000i\000o\000n\000e\000\040\000d\000e\000l\000\040\000M\000e\000t\000o\000d\000o\000\040\0002}{chapter.9}% 136
\BOOKMARK [2][-]{subsection.9.5.1}{\376\377\000G\000e\000n\000e\000r\000a\000z\000i\000o\000n\000e\000\040\000d\000e\000l\000\040\000D\000a\000t\000a\000s\000e\000t\000\040\000e\000\040\000D\000e\000f\000i\000n\000i\000z\000i\000o\000n\000e\000\040\000d\000e\000l\000l\000'\000E\000t\000i\000c\000h\000e\000t\000t\000a}{section.9.5}% 137
\BOOKMARK [2][-]{subsection.9.5.2}{\376\377\000A\000d\000d\000e\000s\000t\000r\000a\000m\000e\000n\000t\000o\000\040\000e\000\040\000S\000e\000l\000e\000z\000i\000o\000n\000e\000\040\000d\000e\000l\000\040\000M\000o\000d\000e\000l\000l\000o}{section.9.5}% 138
\BOOKMARK [2][-]{subsection.9.5.3}{\376\377\000I\000n\000f\000e\000r\000e\000n\000z\000a\000:\000\040\000C\000l\000a\000s\000s\000i\000f\000i\000c\000a\000t\000o\000r\000e\000\040\000+\000\040\000R\000i\000c\000e\000r\000c\000a\000\040\000T\000O\000P\000-\000K}{section.9.5}% 139
\BOOKMARK [1][-]{section.9.6}{\376\377\000I\000n\000f\000r\000a\000s\000t\000r\000u\000t\000t\000u\000r\000a\000\040\000d\000i\000\040\000T\000e\000s\000t\000\040\000e\000\040\000R\000a\000c\000c\000o\000l\000t\000a\000\040\000D\000a\000t\000i}{chapter.9}% 140
\BOOKMARK [0][-]{chapter.10}{\376\377\000R\000i\000s\000u\000l\000t\000a\000t\000i\000\040\000S\000p\000e\000r\000i\000m\000e\000n\000t\000a\000l\000i\000:\000\040\000d\000a\000l\000\040\000C\000l\000a\000s\000s\000i\000f\000i\000c\000a\000t\000o\000r\000e\000\040\000M\000L\000\040\000a\000l\000l\000a\000\040\000S\000t\000r\000a\000t\000e\000g\000i\000a\000\040\000T\000O\000P\000-\000K}{}% 141
\BOOKMARK [1][-]{section.10.1}{\376\377\000S\000e\000t\000u\000p\000\040\000S\000p\000e\000r\000i\000m\000e\000n\000t\000a\000l\000e}{chapter.10}% 142
\BOOKMARK [1][-]{section.10.2}{\376\377\000A\000n\000a\000l\000i\000s\000i\000\040\000d\000e\000l\000\040\000C\000i\000r\000c\000u\000i\000t\000o\000\040\000e\000\040\000B\000a\000r\000r\000i\000e\000r\000a\000\040\000d\000i\000\040\000S\000c\000a\000l\000a\000b\000i\000l\000i\000t\000\340}{chapter.10}% 143
\BOOKMARK [1][-]{section.10.3}{\376\377\000R\000i\000s\000u\000l\000t\000a\000t\000i\000\040\000d\000e\000l\000\040\000M\000e\000t\000o\000d\000o\000\040\0001\000\040\000\050\000B\000a\000s\000e\000l\000i\000n\000e\000\040\000T\000O\000P\000-\0001\000\051}{chapter.10}% 144
\BOOKMARK [2][-]{subsection.10.3.1}{\376\377\000U\000s\000e\000\040\000C\000a\000s\000e\000\040\0001\000\040\040\024\000\040\000N\000\040\000=\000\040\0001\0005\000,\000\040\000N\000I\000S\000Q\000-\000r\000e\000a\000l\000i\000s\000t\000i\000c\000o\000\040\000\050\0002\000q\000\040\000=\000\040\0001\0000\000-\0002\000\051}{section.10.3}% 145
\BOOKMARK [2][-]{subsection.10.3.2}{\376\377\000U\000s\000e\000\040\000C\000a\000s\000e\000\040\0002\000\040\040\024\000\040\000N\000\040\000=\000\040\0001\0005\000,\000\040\000N\000I\000S\000Q\000-\000d\000e\000g\000r\000a\000d\000a\000t\000o\000\040\000\050\0002\000q\000\040\000=\000\040\0005\000\040\0001\0000\000-\0002\000\051}{section.10.3}% 146
\BOOKMARK [2][-]{subsection.10.3.3}{\376\377\000A\000n\000a\000l\000i\000s\000i\000\040\000d\000e\000l\000l\000a\000\040\000B\000a\000s\000e\000l\000i\000n\000e}{section.10.3}% 147
\BOOKMARK [1][-]{section.10.4}{\376\377\000I\000l\000\040\000C\000l\000a\000s\000s\000i\000f\000i\000c\000a\000t\000o\000r\000e\000\040\000M\000L\000:\000\040\000C\000o\000s\000a\000\040\000\310\000\040\000S\000t\000a\000t\000o\000\040\000T\000e\000s\000t\000a\000t\000o\000\040\000e\000\040\000P\000e\000r\000c\000h\000\351}{chapter.10}% 148
\BOOKMARK [2][-]{subsection.10.4.1}{\376\377\000A\000r\000c\000h\000i\000t\000e\000t\000t\000u\000r\000a\000\040\000d\000e\000l\000\040\000M\000e\000t\000o\000d\000o\000\040\0002}{section.10.4}% 149
\BOOKMARK [2][-]{subsection.10.4.2}{\376\377\000G\000e\000n\000e\000r\000a\000z\000i\000o\000n\000e\000\040\000d\000e\000l\000\040\000D\000a\000t\000a\000s\000e\000t}{section.10.4}% 150
\BOOKMARK [2][-]{subsection.10.4.3}{\376\377\000S\000e\000l\000e\000z\000i\000o\000n\000e\000\040\000e\000\040\000V\000a\000l\000u\000t\000a\000z\000i\000o\000n\000e\000\040\000d\000e\000l\000\040\000M\000o\000d\000e\000l\000l\000o}{section.10.4}% 151
\BOOKMARK [1][-]{section.10.5}{\376\377\000C\000o\000n\000f\000r\000o\000n\000t\000o\000\040\000e\000\040\000A\000n\000a\000l\000i\000s\000i\000\040\000d\000i\000\040\000A\000b\000l\000a\000z\000i\000o\000n\000e}{chapter.10}% 152
\BOOKMARK [1][-]{section.10.6}{\376\377\000C\000a\000m\000p\000a\000g\000n\000a\000\040\000P\000a\000r\000a\000m\000e\000t\000r\000i\000c\000a\000\040\000s\000u\000\040\000M\000T\000O\000P\0004}{chapter.10}% 153
\BOOKMARK [2][-]{subsection.10.6.1}{\376\377\000V\000a\000r\000i\000a\000z\000i\000o\000n\000e\000\040\000d\000i\000\040\000K\000\040\000\050\000n\000u\000m\000e\000r\000o\000\040\000d\000i\000\040\000c\000a\000n\000d\000i\000d\000a\000t\000i\000\040\000p\000e\000r\000\040\000i\000t\000e\000r\000a\000z\000i\000o\000n\000e\000\051}{section.10.6}% 154
\BOOKMARK [2][-]{subsection.10.6.2}{\376\377\000V\000a\000r\000i\000a\000z\000i\000o\000n\000e\000\040\000d\000i\000\040\0002\000q\000\040\000\050\000t\000a\000s\000s\000o\000\040\000d\000i\000\040\000e\000r\000r\000o\000r\000e\000\040\000a\000\040\000d\000u\000e\000\040\000q\000u\000b\000i\000t\000\051}{section.10.6}% 155
\BOOKMARK [2][-]{subsection.10.6.3}{\376\377\000V\000a\000r\000i\000a\000z\000i\000o\000n\000e\000\040\000d\000i\000\040\000M\000s\000h\000o\000t\000s\000\040\000\050\000s\000h\000o\000t\000\040\000p\000e\000r\000\040\000i\000t\000e\000r\000a\000z\000i\000o\000n\000e\000\051}{section.10.6}% 156
\BOOKMARK [2][-]{subsection.10.6.4}{\376\377\000A\000n\000a\000l\000i\000s\000i\000\040\000C\000o\000n\000g\000i\000u\000n\000t\000a\000\040\000K\000\040\0002\000q}{section.10.6}% 157
\BOOKMARK [2][-]{subsection.10.6.5}{\376\377\000P\000a\000r\000a\000m\000e\000t\000r\000i\000\040\000S\000e\000c\000o\000n\000d\000a\000r\000i\000:\000\040\000T\0001\000/\000T\0002\000,\000\040\0001\000q\000\040\000e\000\040\000p\000r\000o}{section.10.6}% 158
\BOOKMARK [2][-]{subsection.10.6.6}{\376\377\000S\000i\000n\000t\000e\000s\000i\000:\000\040\000u\000n\000a\000\040\000S\000t\000r\000a\000t\000e\000g\000i\000a\000\040\000p\000i\000\371\000\040\000R\000o\000b\000u\000s\000t\000a\000\040\000d\000e\000l\000\040\000P\000r\000e\000v\000i\000s\000t\000o}{section.10.6}% 159
\BOOKMARK [1][-]{section.10.7}{\376\377\000C\000o\000n\000f\000r\000o\000n\000t\000o\000\040\000c\000o\000n\000\040\000Z\000e\000r\000o\000-\000N\000o\000i\000s\000e\000\040\000E\000x\000t\000r\000a\000p\000o\000l\000a\000t\000i\000o\000n}{chapter.10}% 160
\BOOKMARK [2][-]{subsection.10.7.1}{\376\377\000C\000o\000m\000e\000\040\000f\000u\000n\000z\000i\000o\000n\000a\000\040\000Z\000N\000E\000\040\000a\000p\000p\000l\000i\000c\000a\000t\000a\000\040\000a\000\040\000S\000h\000o\000r}{section.10.7}% 161
\BOOKMARK [2][-]{subsection.10.7.2}{\376\377\000R\000i\000s\000u\000l\000t\000a\000t\000i\000\040\000d\000e\000l\000\040\000c\000o\000n\000f\000r\000o\000n\000t\000o}{section.10.7}% 162
\BOOKMARK [1][-]{section.10.8}{\376\377\000D\000i\000s\000c\000u\000s\000s\000i\000o\000n\000e\000:\000\040\000i\000l\000\040\000R\000u\000o\000l\000o\000\040\000d\000e\000l\000l\000'\000I\000A\000\040\000e\000\040\000i\000l\000\040\000P\000o\000s\000i\000z\000i\000o\000n\000a\000m\000e\000n\000t\000o\000\040\000d\000i\000\040\000M\000T\000O\000P\0004}{chapter.10}% 163
\BOOKMARK [2][-]{subsection.10.8.1}{\376\377\000P\000e\000r\000c\000h\000\351\000\040\000i\000l\000\040\000C\000l\000a\000s\000s\000i\000f\000i\000c\000a\000t\000o\000r\000e\000\040\000n\000o\000n\000\040\000S\000e\000r\000v\000e\000\040\000i\000n\000\040\000Q\000u\000e\000s\000t\000o\000\040\000R\000u\000o\000l\000o}{section.10.8}% 164
\BOOKMARK [2][-]{subsection.10.8.2}{\376\377\000P\000o\000s\000i\000z\000i\000o\000n\000a\000m\000e\000n\000t\000o\000\040\000n\000e\000l\000\040\000Q\000u\000a\000d\000r\000o\000\040\000d\000e\000l\000l\000e\000\040\000S\000t\000r\000a\000t\000e\000g\000i\000e\000\040\000A\000n\000t\000i\000-\000R\000u\000m\000o\000r\000e}{section.10.8}% 165
\BOOKMARK [2][-]{subsection.10.8.3}{\376\377\000A\000p\000p\000l\000i\000c\000a\000b\000i\000l\000i\000t\000\340\000\040\000s\000u\000\040\000H\000a\000r\000d\000w\000a\000r\000e\000\040\000R\000e\000a\000l\000e}{section.10.8}% 166
\BOOKMARK [2][-]{subsection.10.8.4}{\376\377\000V\000a\000l\000i\000d\000i\000t\000\340\000\040\000e\000\040\000S\000i\000n\000t\000e\000s\000i\000\040\000d\000e\000l\000\040\000C\000o\000n\000t\000r\000i\000b\000u\000t\000o}{section.10.8}% 167
\BOOKMARK [0][-]{chapter.11}{\376\377\000S\000v\000i\000l\000u\000p\000p\000i\000\040\000F\000u\000t\000u\000r\000i}{}% 168
\BOOKMARK [1][-]{section.11.1}{\376\377\000S\000c\000a\000l\000a\000b\000i\000l\000i\000t\000\340\000\040\000a\000\040\000I\000s\000t\000a\000n\000z\000e\000\040\000d\000i\000\040\000M\000a\000g\000g\000i\000o\000r\000e\000\040\000D\000i\000m\000e\000n\000s\000i\000o\000n\000e}{chapter.11}% 169
\BOOKMARK [1][-]{section.11.2}{\376\377\000T\000e\000s\000t\000\040\000e\000\040\000V\000a\000l\000i\000d\000a\000z\000i\000o\000n\000e\000\040\000s\000u\000\040\000H\000a\000r\000d\000w\000a\000r\000e\000\040\000Q\000u\000a\000n\000t\000i\000s\000t\000i\000c\000o\000\040\000R\000e\000a\000l\000e}{chapter.11}% 170
\BOOKMARK [1][-]{section.11.3}{\376\377\000G\000e\000n\000e\000r\000a\000l\000i\000z\000z\000a\000z\000i\000o\000n\000e\000\040\000a\000d\000\040\000A\000l\000t\000r\000i\000\040\000A\000l\000g\000o\000r\000i\000t\000m\000i\000\040\000Q\000u\000a\000n\000t\000i\000s\000t\000i\000c\000i\000\040\000N\000I\000S\000Q}{chapter.11}% 171
\BOOKMARK [1][-]{section.11.4}{\376\377\000I\000n\000t\000e\000g\000r\000a\000z\000i\000o\000n\000e\000\040\000c\000o\000n\000\040\000l\000a\000\040\000Q\000u\000a\000n\000t\000u\000m\000\040\000E\000r\000r\000o\000r\000\040\000C\000o\000r\000r\000e\000c\000t\000i\000o\000n\000\040\000S\000t\000r\000u\000t\000t\000u\000r\000a\000l\000e}{chapter.11}% 172
\BOOKMARK [1][-]{section.11.5}{\376\377\000E\000v\000o\000l\000u\000z\000i\000o\000n\000e\000\040\000d\000e\000l\000\040\000C\000l\000a\000s\000s\000i\000f\000i\000c\000a\000t\000o\000r\000e\000\040\000M\000L}{chapter.11}% 173
\BOOKMARK [0][-]{chapter*.76}{\376\377\000B\000i\000b\000l\000i\000o\000g\000r\000a\000f\000i\000a}{}% 174
